Archive member included because of file (symbol)

../../external/mbed/Release/NXP_SSCI824/mbed.a(analogin_api.o)
                              SSCI824/main.o (analogin_init)
../../external/mbed/Release/NXP_SSCI824/mbed.a(pwmout_api.o)
                              SSCI824/main.o (pwmout_init)
../../external/mbed/Release/NXP_SSCI824/mbed.a(system_LPC8xx.o)
                              ../../external/mbed/Release/NXP_SSCI824/mbed.a(analogin_api.o) (SystemCoreClock)
../../external/mbed/Release/NXP_SSCI824/mbed.a(error.o)
                              ../../external/mbed/Release/NXP_SSCI824/mbed.a(pwmout_api.o) (error)
../../external/mbed/Release/NXP_SSCI824/mbed.a(gpio.o)
                              SSCI824/main.o (gpio_init_in_ex)
../../external/mbed/Release/NXP_SSCI824/mbed.a(pinmap_common.o)
                              ../../external/mbed/Release/NXP_SSCI824/mbed.a(analogin_api.o) (pinmap_peripheral)
../../external/mbed/Release/NXP_SSCI824/mbed.a(wait_api.o)
                              SSCI824/main.o (wait)
../../external/mbed/Release/NXP_SSCI824/mbed.a(retarget.o)
                              SSCI824/gcc4mbed.o (_isatty)
../../external/mbed/Release/NXP_SSCI824/mbed.a(Serial.o)
                              SSCI824/main.o (mbed::Serial::Serial(PinName, PinName, char const*))
../../external/mbed/Release/NXP_SSCI824/mbed.a(SerialBase.o)
                              ../../external/mbed/Release/NXP_SSCI824/mbed.a(Serial.o) (mbed::SerialBase::SerialBase(PinName, PinName))
../../external/mbed/Release/NXP_SSCI824/mbed.a(Stream.o)
                              ../../external/mbed/Release/NXP_SSCI824/mbed.a(Serial.o) (mbed::Stream::close())
../../external/mbed/Release/NXP_SSCI824/mbed.a(startup_LPC824.o)
                              (Reset_Handler)
../../external/mbed/Release/NXP_SSCI824/mbed.a(gpio_api.o)
                              ../../external/mbed/Release/NXP_SSCI824/mbed.a(gpio.o) (gpio_init)
../../external/mbed/Release/NXP_SSCI824/mbed.a(pinmap.o)
                              ../../external/mbed/Release/NXP_SSCI824/mbed.a(pinmap_common.o) (pin_function)
../../external/mbed/Release/NXP_SSCI824/mbed.a(serial_api.o)
                              ../../external/mbed/Release/NXP_SSCI824/mbed.a(SerialBase.o) (serial_baud)
../../external/mbed/Release/NXP_SSCI824/mbed.a(us_ticker.o)
                              ../../external/mbed/Release/NXP_SSCI824/mbed.a(wait_api.o) (us_ticker_read)
../../external/mbed/Release/NXP_SSCI824/mbed.a(cmsis_nvic.o)
                              ../../external/mbed/Release/NXP_SSCI824/mbed.a(serial_api.o) (NVIC_SetVector)
../../external/mbed/Release/NXP_SSCI824/mbed.a(board.o)
                              ../../external/mbed/Release/NXP_SSCI824/mbed.a(retarget.o) (mbed_die)
../../external/mbed/Release/NXP_SSCI824/mbed.a(us_ticker_api.o)
                              ../../external/mbed/Release/NXP_SSCI824/mbed.a(us_ticker.o) (us_ticker_irq_handler)
../../external/mbed/Release/NXP_SSCI824/mbed.a(FileLike.o)
                              ../../external/mbed/Release/NXP_SSCI824/mbed.a(Stream.o) (mbed::FileLike::~FileLike())
../../external/mbed/Release/NXP_SSCI824/mbed.a(FilePath.o)
                              ../../external/mbed/Release/NXP_SSCI824/mbed.a(retarget.o) (mbed::FilePath::FilePath(char const*))
../../external/mbed/Release/NXP_SSCI824/mbed.a(FileSystemLike.o)
                              ../../external/mbed/Release/NXP_SSCI824/mbed.a(retarget.o) (mbed::FileSystemLike::opendir())
../../external/mbed/Release/NXP_SSCI824/mbed.a(ticker_api.o)
                              ../../external/mbed/Release/NXP_SSCI824/mbed.a(us_ticker_api.o) (ticker_irq_handler)
../../external/mbed/Release/NXP_SSCI824/mbed.a(FileBase.o)
                              ../../external/mbed/Release/NXP_SSCI824/mbed.a(FileLike.o) (mbed::FileBase::~FileBase())
c:/gcc4mbed_r107/gcc-arm-none-eabi/bin/../lib/gcc/arm-none-eabi/4.8.3/../../../../arm-none-eabi/lib/armv6-m\libstdc++_s.a(new_op.o)
                              ../../external/mbed/Release/NXP_SSCI824/mbed.a(FileSystemLike.o) (operator new(unsigned int))
c:/gcc4mbed_r107/gcc-arm-none-eabi/bin/../lib/gcc/arm-none-eabi/4.8.3/../../../../arm-none-eabi/lib/armv6-m\libstdc++_s.a(del_op.o)
                              SSCI824/main.o (operator delete(void*))
c:/gcc4mbed_r107/gcc-arm-none-eabi/bin/../lib/gcc/arm-none-eabi/4.8.3/../../../../arm-none-eabi/lib/armv6-m\libstdc++_s.a(new_handler.o)
                              c:/gcc4mbed_r107/gcc-arm-none-eabi/bin/../lib/gcc/arm-none-eabi/4.8.3/../../../../arm-none-eabi/lib/armv6-m\libstdc++_s.a(new_op.o) (__new_handler)
c:/gcc4mbed_r107/gcc-arm-none-eabi/bin/../lib/gcc/arm-none-eabi/4.8.3/../../../../arm-none-eabi/lib/armv6-m\libstdc++_s.a(atexit_arm.o)
                              SSCI824/main.o (__aeabi_atexit)
c:/gcc4mbed_r107/gcc-arm-none-eabi/bin/../lib/gcc/arm-none-eabi/4.8.3/armv6-m\libgcc.a(_udivsi3.o)
[...]
Memory Configuration

Name             Origin             Length             Attributes
FLASH            0x00000000         0x00008000         xr
RAM              0x100000c0         0x00001f40         xrw
*default*        0x00000000         0xffffffff

Linker script and memory map

LOAD c:/gcc4mbed_r107/gcc-arm-none-eabi/bin/../lib/gcc/arm-none-eabi/4.8.3/armv6-m/crti.o
LOAD c:/gcc4mbed_r107/gcc-arm-none-eabi/bin/../lib/gcc/arm-none-eabi/4.8.3/armv6-m/crtbegin.o
LOAD SSCI824/main.o
LOAD SSCI824/gcc4mbed.o
LOAD ../../external/mbed/Release/NXP_SSCI824/mbed.a
LOAD c:/gcc4mbed_r107/gcc-arm-none-eabi/bin/../lib/gcc/arm-none-eabi/4.8.3/../../../../arm-none-eabi/lib/armv6-m\libstdc++_s.a
LOAD c:/gcc4mbed_r107/gcc-arm-none-eabi/bin/../lib/gcc/arm-none-eabi/4.8.3/../../../../arm-none-eabi/lib/armv6-m\libsupc++_s.a
LOAD c:/gcc4mbed_r107/gcc-arm-none-eabi/bin/../lib/gcc/arm-none-eabi/4.8.3/armv6-m\libgcc.a
LOAD c:/gcc4mbed_r107/gcc-arm-none-eabi/bin/../lib/gcc/arm-none-eabi/4.8.3/armv6-m\libgcc.a
LOAD c:/gcc4mbed_r107/gcc-arm-none-eabi/bin/../lib/gcc/arm-none-eabi/4.8.3/../../../../arm-none-eabi/lib/armv6-m\libc_s.a
LOAD c:/gcc4mbed_r107/gcc-arm-none-eabi/bin/../lib/gcc/arm-none-eabi/4.8.3/../../../../arm-none-eabi/lib/armv6-m\libnosys.a
LOAD c:/gcc4mbed_r107/gcc-arm-none-eabi/bin/../lib/gcc/arm-none-eabi/4.8.3/../../../../arm-none-eabi/lib/armv6-m\libstdc++_s.a
LOAD c:/gcc4mbed_r107/gcc-arm-none-eabi/bin/../lib/gcc/arm-none-eabi/4.8.3/../../../../arm-none-eabi/lib/armv6-m\libm.a
LOAD c:/gcc4mbed_r107/gcc-arm-none-eabi/bin/../lib/gcc/arm-none-eabi/4.8.3/../../../../arm-none-eabi/lib/armv6-m\libc_s.a
START GROUP
LOAD c:/gcc4mbed_r107/gcc-arm-none-eabi/bin/../lib/gcc/arm-none-eabi/4.8.3/armv6-m\libgcc.a
LOAD c:/gcc4mbed_r107/gcc-arm-none-eabi/bin/../lib/gcc/arm-none-eabi/4.8.3/../../../../arm-none-eabi/lib/armv6-m\libc_s.a
END GROUP
LOAD c:/gcc4mbed_r107/gcc-arm-none-eabi/bin/../lib/gcc/arm-none-eabi/4.8.3/armv6-m/crtend.o
LOAD c:/gcc4mbed_r107/gcc-arm-none-eabi/bin/../lib/gcc/arm-none-eabi/4.8.3/armv6-m/crtn.o

.text           0x00000000     0x7d98
 *(.isr_vector)
 .isr_vector    0x00000000       0xc0 ../../external/mbed/Release/NXP_SSCI824/mbed.a(startup_LPC824.o)
                0x00000000                __isr_vector
 *(.text.Reset_Handler)
 .text.Reset_Handler
                0x000000c0       0x34 ../../external/mbed/Release/NXP_SSCI824/mbed.a(startup_LPC824.o)
                0x000000c0                Reset_Handler
 *(.text.SystemInit)
 .text.SystemInit
                0x000000f4       0xc0 ../../external/mbed/Release/NXP_SSCI824/mbed.a(system_LPC8xx.o)
                0x000000f4                SystemInit
 *(.text*)
 .text          0x000001b4       0x60 c:/gcc4mbed_r107/gcc-arm-none-eabi/bin/../lib/gcc/arm-none-eabi/4.8.3/armv6-m/crtbegin.o
 .text._ZN4mbed10SerialBaseD2Ev
                0x00000214        0xc SSCI824/main.o
                0x00000214                mbed::SerialBase::~SerialBase()
                0x00000214                mbed::SerialBase::~SerialBase()
 .text._ZN4mbed10SerialBaseD0Ev
                0x00000220       0x14 SSCI824/main.o
                0x00000220                mbed::SerialBase::~SerialBase()
 .text._ZN4mbed6SerialD2Ev
                0x00000234       0x28 SSCI824/main.o
                0x00000234                mbed::Serial::~Serial()
                0x00000234                mbed::Serial::~Serial()
 .text._ZN4mbed6SerialD1Ev
                0x0000025c       0x20 SSCI824/main.o
                0x0000025c                non-virtual thunk to mbed::Serial::~Serial()
                0x0000026c                non-virtual thunk to mbed::Serial::~Serial()
 .text._ZN4mbed6SerialD0Ev
                0x0000027c       0x50 SSCI824/main.o
                0x0000027c                mbed::Serial::~Serial()
                0x000002ac                non-virtual thunk to mbed::Serial::~Serial()
                0x000002bc                non-virtual thunk to mbed::Serial::~Serial()
 *fill*         0x000002cc        0x4 
 .text.startup.main
                0x000002d0     0x13c8 SSCI824/main.o
                0x000002d0                main
 .text.startup._GLOBAL__sub_I_start_sw
                0x00001698      0x1c0 SSCI824/main.o
 .text._start   0x00001858       0x28 SSCI824/gcc4mbed.o
                0x00001858                _start
 .text.__wrap__isatty
                0x00001880       0x14 SSCI824/gcc4mbed.o
                0x00001880                __wrap__isatty
 .text.__wrap_malloc
                0x00001894       0x14 SSCI824/gcc4mbed.o
                0x00001894                __wrap_malloc
 .text.__wrap_free
                0x000018a8       0x14 SSCI824/gcc4mbed.o
                0x000018a8                __wrap_free
 .text.abort    0x000018bc        0x8 SSCI824/gcc4mbed.o
                0x000018bc                abort
 .text.__cxa_pure_virtual
                0x000018c4        0x8 SSCI824/gcc4mbed.o
                0x000018c4                __cxa_pure_virtual
 .text.analogin_init
                0x000018cc       0xac ../../external/mbed/Release/NXP_SSCI824/mbed.a(analogin_api.o)
                0x000018cc                analogin_init
 .text.analogin_read
                0x00001978       0xd8 ../../external/mbed/Release/NXP_SSCI824/mbed.a(analogin_api.o)
                0x00001978                analogin_read
 .text.pwmout_init
                0x00001a50      0x21c ../../external/mbed/Release/NXP_SSCI824/mbed.a(pwmout_api.o)
                0x00001a50                pwmout_init
 .text.pwmout_write
                0x00001c6c       0x4c ../../external/mbed/Release/NXP_SSCI824/mbed.a(pwmout_api.o)
                0x00001c6c                pwmout_write
 .text.pwmout_period_ms
                0x00001cb8       0x54 ../../external/mbed/Release/NXP_SSCI824/mbed.a(pwmout_api.o)
                0x00001cb8                pwmout_period_ms
 .text.pwmout_pulsewidth_us
                0x00001d0c       0x10 ../../external/mbed/Release/NXP_SSCI824/mbed.a(pwmout_api.o)
                0x00001d0c                pwmout_pulsewidth_us
 .text.error    0x00001d1c        0xc ../../external/mbed/Release/NXP_SSCI824/mbed.a(error.o)
                0x00001d1c                error
 .text.gpio_init_in_ex
                0x00001d28       0x24 ../../external/mbed/Release/NXP_SSCI824/mbed.a(gpio.o)
                0x00001d28                gpio_init_in_ex
 .text.gpio_init_out
                0x00001d4c       0x28 ../../external/mbed/Release/NXP_SSCI824/mbed.a(gpio.o)
                0x00001d4c                gpio_init_out
 .text.pinmap_peripheral
                0x00001d74       0x30 ../../external/mbed/Release/NXP_SSCI824/mbed.a(pinmap_common.o)
                0x00001d74                pinmap_peripheral
 .text.wait_us  0x00001da4       0x18 ../../external/mbed/Release/NXP_SSCI824/mbed.a(wait_api.o)
                0x00001da4                wait_us
 .text.wait     0x00001dbc       0x18 ../../external/mbed/Release/NXP_SSCI824/mbed.a(wait_api.o)
                0x00001dbc                wait
 .text.wait_ms  0x00001dd4       0x10 ../../external/mbed/Release/NXP_SSCI824/mbed.a(wait_api.o)
                0x00001dd4                wait_ms
 .text._ZN4mbed10FileHandle4flenEv
                0x00001de4       0x34 ../../external/mbed/Release/NXP_SSCI824/mbed.a(retarget.o)
                0x00001de4                mbed::FileHandle::flen()
 .text._ZN4mbed10FileHandleD2Ev
                0x00001e18       0x30 ../../external/mbed/Release/NXP_SSCI824/mbed.a(retarget.o)
                0x00001e18                mbed::FileHandle::~FileHandle()
                0x00001e18                mbed::FileHandle::~FileHandle()
 .text._ZN4mbed10FileHandleD0Ev
                0x00001e48       0x3c ../../external/mbed/Release/NXP_SSCI824/mbed.a(retarget.o)
                0x00001e48                mbed::FileHandle::~FileHandle()
 .text._ZL11init_serialv.part.0
                0x00001e84       0x1c ../../external/mbed/Release/NXP_SSCI824/mbed.a(retarget.o)
 .text._open    0x00001ea0       0xf4 ../../external/mbed/Release/NXP_SSCI824/mbed.a(retarget.o)
                0x00001ea0                _open
 .text._close   0x00001f94       0x2c ../../external/mbed/Release/NXP_SSCI824/mbed.a(retarget.o)
                0x00001f94                _close
 .text._write   0x00001fc0       0x58 ../../external/mbed/Release/NXP_SSCI824/mbed.a(retarget.o)
                0x00001fc0                _write
 .text._read    0x00002018       0x48 ../../external/mbed/Release/NXP_SSCI824/mbed.a(retarget.o)
                0x00002018                _read
 .text._isatty  0x00002060       0x28 ../../external/mbed/Release/NXP_SSCI824/mbed.a(retarget.o)
                0x00002060                _isatty
 .text._lseek   0x00002088       0x28 ../../external/mbed/Release/NXP_SSCI824/mbed.a(retarget.o)
                0x00002088                _lseek
 .text._fstat   0x000020b0       0x20 ../../external/mbed/Release/NXP_SSCI824/mbed.a(retarget.o)
                0x000020b0                _fstat
 .text._sbrk    0x000020d0       0x28 ../../external/mbed/Release/NXP_SSCI824/mbed.a(retarget.o)
                0x000020d0                _sbrk
 .text._exit    0x000020f8       0x10 ../../external/mbed/Release/NXP_SSCI824/mbed.a(retarget.o)
                0x000020f8                _exit
 .text._ZN4mbed26mbed_set_unbuffered_streamEP7__sFILE
                0x00002108        0xc ../../external/mbed/Release/NXP_SSCI824/mbed.a(retarget.o)
                0x00002108                mbed::mbed_set_unbuffered_stream(__sFILE*)
 .text._ZN4mbed6Serial5_getcEv
                0x00002114        0x8 ../../external/mbed/Release/NXP_SSCI824/mbed.a(Serial.o)
                0x00002114                mbed::Serial::_getc()
 .text._ZThn64_N4mbed6Serial5_getcEv
                0x0000211c       0x10 ../../external/mbed/Release/NXP_SSCI824/mbed.a(Serial.o)
                0x0000211c                non-virtual thunk to mbed::Serial::_getc()
 .text._ZN4mbed6Serial5_putcEi
                0x0000212c        0x8 ../../external/mbed/Release/NXP_SSCI824/mbed.a(Serial.o)
                0x0000212c                mbed::Serial::_putc(int)
 .text._ZThn64_N4mbed6Serial5_putcEi
                0x00002134       0x10 ../../external/mbed/Release/NXP_SSCI824/mbed.a(Serial.o)
                0x00002134                non-virtual thunk to mbed::Serial::_putc(int)
 .text._ZN4mbed6SerialC2E7PinNameS1_PKc
                0x00002144       0x30 ../../external/mbed/Release/NXP_SSCI824/mbed.a(Serial.o)
                0x00002144                mbed::Serial::Serial(PinName, PinName, char const*)
                0x00002144                mbed::Serial::Serial(PinName, PinName, char const*)
 .text._ZN4mbed10SerialBase12_irq_handlerEm9SerialIrq
                0x00002174       0x2c ../../external/mbed/Release/NXP_SSCI824/mbed.a(SerialBase.o)
                0x00002174                mbed::SerialBase::_irq_handler(unsigned long, SerialIrq)
 .text._ZN4mbed10SerialBaseC2E7PinNameS1_
                0x000021a0       0x3c ../../external/mbed/Release/NXP_SSCI824/mbed.a(SerialBase.o)
                0x000021a0                mbed::SerialBase::SerialBase(PinName, PinName)
                0x000021a0                mbed::SerialBase::SerialBase(PinName, PinName)
 .text._ZN4mbed10SerialBase10_base_getcEv
                0x000021dc        0xc ../../external/mbed/Release/NXP_SSCI824/mbed.a(SerialBase.o)
                0x000021dc                mbed::SerialBase::_base_getc()
 .text._ZN4mbed10SerialBase10_base_putcEi
                0x000021e8       0x10 ../../external/mbed/Release/NXP_SSCI824/mbed.a(SerialBase.o)
                0x000021e8                mbed::SerialBase::_base_putc(int)
 .text._ZN4mbed6Stream5closeEv
                0x000021f8        0x4 ../../external/mbed/Release/NXP_SSCI824/mbed.a(Stream.o)
                0x000021f8                mbed::Stream::close()
 .text._ZN4mbed6Stream5writeEPKvj
                0x000021fc       0x34 ../../external/mbed/Release/NXP_SSCI824/mbed.a(Stream.o)
                0x000021fc                mbed::Stream::write(void const*, unsigned int)
 .text._ZN4mbed6Stream4readEPvj
                0x00002230       0x34 ../../external/mbed/Release/NXP_SSCI824/mbed.a(Stream.o)
                0x00002230                mbed::Stream::read(void*, unsigned int)
 .text._ZN4mbed6Stream5lseekEli
                0x00002264        0x4 ../../external/mbed/Release/NXP_SSCI824/mbed.a(Stream.o)
                0x00002264                mbed::Stream::lseek(long, int)
 .text._ZN4mbed6Stream6isattyEv
                0x00002268        0x4 ../../external/mbed/Release/NXP_SSCI824/mbed.a(Stream.o)
                0x00002268                mbed::Stream::isatty()
 .text._ZN4mbed6Stream5fsyncEv
                0x0000226c        0x4 ../../external/mbed/Release/NXP_SSCI824/mbed.a(Stream.o)
                0x0000226c                mbed::Stream::fsync()
 .text._ZN4mbed6Stream4flenEv
                0x00002270        0x4 ../../external/mbed/Release/NXP_SSCI824/mbed.a(Stream.o)
                0x00002270                mbed::Stream::flen()
 .text._ZN4mbed6StreamD2Ev
                0x00002274       0x24 ../../external/mbed/Release/NXP_SSCI824/mbed.a(Stream.o)
                0x00002274                mbed::Stream::~Stream()
                0x00002274                mbed::Stream::~Stream()
 .text._ZThn4_N4mbed6StreamD1Ev
                0x00002298       0x10 ../../external/mbed/Release/NXP_SSCI824/mbed.a(Stream.o)
                0x00002298                non-virtual thunk to mbed::Stream::~Stream()
 .text._ZN4mbed6StreamD0Ev
                0x000022a8       0x14 ../../external/mbed/Release/NXP_SSCI824/mbed.a(Stream.o)
                0x000022a8                mbed::Stream::~Stream()
 .text._ZThn4_N4mbed6StreamD0Ev
                0x000022bc       0x10 ../../external/mbed/Release/NXP_SSCI824/mbed.a(Stream.o)
                0x000022bc                non-virtual thunk to mbed::Stream::~Stream()
 .text._ZN4mbed6StreamC2EPKc
                0x000022cc       0x44 ../../external/mbed/Release/NXP_SSCI824/mbed.a(Stream.o)
                0x000022cc                mbed::Stream::Stream(char const*)
                0x000022cc                mbed::Stream::Stream(char const*)
 .text._ZN4mbed6Stream6printfEPKcz
                0x00002310       0x28 ../../external/mbed/Release/NXP_SSCI824/mbed.a(Stream.o)
                0x00002310                mbed::Stream::printf(char const*, ...)
 .text          0x00002338        0xc ../../external/mbed/Release/NXP_SSCI824/mbed.a(startup_LPC824.o)
                0x00002338                NMI_Handler
                0x0000233a                HardFault_Handler
                0x0000233c                SVC_Handler
                0x0000233e                PendSV_Handler
                0x00002340                SysTick_Handler
                0x00002342                PININT7_IRQHandler
                0x00002342                PININT1_IRQHandler
                0x00002342                WKT_IRQHandler
                0x00002342                PININT2_IRQHandler
                0x00002342                I2C0_IRQHandler
                0x00002342                MRT_IRQHandler
                0x00002342                I2C1_IRQHandler
                0x00002342                UART1_IRQHandler
                0x00002342                ADC_SEQB_IRQHandler
                0x00002342                UART0_IRQHandler
                0x00002342                SPI1_IRQHandler
                0x00002342                ADC_OVR_IRQHandler
                0x00002342                I2C2_IRQHandler
                0x00002342                Flash_IRQHandler
                0x00002342                PININT3_IRQHandler
                0x00002342                UART2_IRQHandler
                0x00002342                PININT5_IRQHandler
                0x00002342                Default_Handler
                0x00002342                PININT4_IRQHandler
                0x00002342                ADC_THCMP_IRQHandler
                0x00002342                PININT0_IRQHandler
                0x00002342                BOD_IRQHandler
                0x00002342                I2C3_IRQHandler
                0x00002342                SCT_IRQHandler
                0x00002342                WDT_IRQHandler
                0x00002342                CMP_IRQHandler
                0x00002342                ADC_SEQA_IRQHandler
                0x00002342                PININT6_IRQHandler
                0x00002342                SPI0_IRQHandler
                0x00002342                DMA_IRQHandler
 .text.gpio_set
                0x00002344       0x44 ../../external/mbed/Release/NXP_SSCI824/mbed.a(gpio_api.o)
                0x00002344                gpio_set
 .text.gpio_init
                0x00002388       0x34 ../../external/mbed/Release/NXP_SSCI824/mbed.a(gpio_api.o)
                0x00002388                gpio_init
 .text.gpio_mode
                0x000023bc        0xc ../../external/mbed/Release/NXP_SSCI824/mbed.a(gpio_api.o)
                0x000023bc                gpio_mode
 .text.gpio_dir
                0x000023c8       0x20 ../../external/mbed/Release/NXP_SSCI824/mbed.a(gpio_api.o)
                0x000023c8                gpio_dir
 .text.pin_mode
                0x000023e8       0x40 ../../external/mbed/Release/NXP_SSCI824/mbed.a(pinmap.o)
                0x000023e8                pin_mode
 .text.serial_baud
                0x00002428       0x44 ../../external/mbed/Release/NXP_SSCI824/mbed.a(serial_api.o)
                0x00002428                serial_baud
 .text.serial_format
                0x0000246c       0x30 ../../external/mbed/Release/NXP_SSCI824/mbed.a(serial_api.o)
                0x0000246c                serial_format
 .text.serial_init
                0x0000249c      0x25c ../../external/mbed/Release/NXP_SSCI824/mbed.a(serial_api.o)
                0x0000249c                serial_init
 .text.serial_irq_handler
                0x000026f8       0x18 ../../external/mbed/Release/NXP_SSCI824/mbed.a(serial_api.o)
                0x000026f8                serial_irq_handler
 .text.serial_getc
                0x00002710       0x10 ../../external/mbed/Release/NXP_SSCI824/mbed.a(serial_api.o)
                0x00002710                serial_getc
 .text.serial_putc
                0x00002720       0x10 ../../external/mbed/Release/NXP_SSCI824/mbed.a(serial_api.o)
                0x00002720                serial_putc
 .text.us_ticker_init
                0x00002730       0x84 ../../external/mbed/Release/NXP_SSCI824/mbed.a(us_ticker.o)
                0x00002730                us_ticker_init
 .text.us_ticker_read
                0x000027b4       0x3c ../../external/mbed/Release/NXP_SSCI824/mbed.a(us_ticker.o)
                0x000027b4                us_ticker_read
 .text.us_ticker_set_interrupt
                0x000027f0       0x2c ../../external/mbed/Release/NXP_SSCI824/mbed.a(us_ticker.o)
                0x000027f0                us_ticker_set_interrupt
 .text.us_ticker_disable_interrupt
                0x0000281c       0x10 ../../external/mbed/Release/NXP_SSCI824/mbed.a(us_ticker.o)
                0x0000281c                us_ticker_disable_interrupt
 .text.us_ticker_clear_interrupt
                0x0000282c       0x34 ../../external/mbed/Release/NXP_SSCI824/mbed.a(us_ticker.o)
                0x0000282c                us_ticker_clear_interrupt
 .text.NVIC_SetVector
                0x00002860       0x34 ../../external/mbed/Release/NXP_SSCI824/mbed.a(cmsis_nvic.o)
                0x00002860                NVIC_SetVector
 .text.mbed_die
                0x00002894       0x2c ../../external/mbed/Release/NXP_SSCI824/mbed.a(board.o)
                0x00002894                mbed_die
 .text.us_ticker_irq_handler
                0x000028c0       0x10 ../../external/mbed/Release/NXP_SSCI824/mbed.a(us_ticker_api.o)
                0x000028c0                us_ticker_irq_handler
 .text._ZN4mbed8FileLikeD2Ev
                0x000028d0       0x24 ../../external/mbed/Release/NXP_SSCI824/mbed.a(FileLike.o)
                0x000028d0                mbed::FileLike::~FileLike()
                0x000028d0                mbed::FileLike::~FileLike()
 .text._ZThn4_N4mbed8FileLikeD1Ev
                0x000028f4       0x10 ../../external/mbed/Release/NXP_SSCI824/mbed.a(FileLike.o)
                0x000028f4                non-virtual thunk to mbed::FileLike::~FileLike()
 .text._ZN4mbed8FileLikeD0Ev
                0x00002904       0x2c ../../external/mbed/Release/NXP_SSCI824/mbed.a(FileLike.o)
                0x00002904                mbed::FileLike::~FileLike()
 .text._ZThn4_N4mbed8FileLikeD0Ev
                0x00002930       0x10 ../../external/mbed/Release/NXP_SSCI824/mbed.a(FileLike.o)
                0x00002930                non-virtual thunk to mbed::FileLike::~FileLike()
 .text._ZN4mbed8FileLikeC2EPKc
                0x00002940       0x28 ../../external/mbed/Release/NXP_SSCI824/mbed.a(FileLike.o)
                0x00002940                mbed::FileLike::FileLike(char const*)
                0x00002940                mbed::FileLike::FileLike(char const*)
 .text._ZN4mbed8FilePathC2EPKc
                0x00002968       0x58 ../../external/mbed/Release/NXP_SSCI824/mbed.a(FilePath.o)
                0x00002968                mbed::FilePath::FilePath(char const*)
                0x00002968                mbed::FilePath::FilePath(char const*)
 .text._ZN4mbed8FilePath8fileNameEv
                0x000029c0        0x4 ../../external/mbed/Release/NXP_SSCI824/mbed.a(FilePath.o)
                0x000029c0                mbed::FilePath::fileName()
 .text._ZN4mbed8FilePath10fileSystemEv
                0x000029c4       0x1c ../../external/mbed/Release/NXP_SSCI824/mbed.a(FilePath.o)
                0x000029c4                mbed::FilePath::fileSystem()
 .text._ZN4mbed8FilePath6isFileEv
                0x000029e0       0x18 ../../external/mbed/Release/NXP_SSCI824/mbed.a(FilePath.o)
                0x000029e0                mbed::FilePath::isFile()
 .text._ZN4mbed8FilePath4fileEv
                0x000029f8       0x20 ../../external/mbed/Release/NXP_SSCI824/mbed.a(FilePath.o)
                0x000029f8                mbed::FilePath::file()
 .text._ZN4mbed8FilePath6existsEv
                0x00002a18        0xc ../../external/mbed/Release/NXP_SSCI824/mbed.a(FilePath.o)
                0x00002a18                mbed::FilePath::exists()
 .text.ticker_irq_handler
                0x00002a24       0x4c ../../external/mbed/Release/NXP_SSCI824/mbed.a(ticker_api.o)
                0x00002a24                ticker_irq_handler
 .text._ZN4mbed8FileBaseD2Ev
                0x00002a70       0x34 ../../external/mbed/Release/NXP_SSCI824/mbed.a(FileBase.o)
                0x00002a70                mbed::FileBase::~FileBase()
                0x00002a70                mbed::FileBase::~FileBase()
 .text._ZN4mbed8FileBaseD0Ev
                0x00002aa4       0x40 ../../external/mbed/Release/NXP_SSCI824/mbed.a(FileBase.o)
                0x00002aa4                mbed::FileBase::~FileBase()
 .text._ZN4mbed8FileBaseC2EPKcNS_8PathTypeE
                0x00002ae4       0x24 ../../external/mbed/Release/NXP_SSCI824/mbed.a(FileBase.o)
                0x00002ae4                mbed::FileBase::FileBase(char const*, mbed::PathType)
                0x00002ae4                mbed::FileBase::FileBase(char const*, mbed::PathType)
 .text._ZN4mbed8FileBase6lookupEPKcj
                0x00002b08       0x40 ../../external/mbed/Release/NXP_SSCI824/mbed.a(FileBase.o)
                0x00002b08                mbed::FileBase::lookup(char const*, unsigned int)
 .text._ZN4mbed8FileBase11getPathTypeEv
                0x00002b48        0x4 ../../external/mbed/Release/NXP_SSCI824/mbed.a(FileBase.o)
                0x00002b48                mbed::FileBase::getPathType()
 .text._ZdlPv   0x00002b4c        0xc c:/gcc4mbed_r107/gcc-arm-none-eabi/bin/../lib/gcc/arm-none-eabi/4.8.3/../../../../arm-none-eabi/lib/armv6-m\libstdc++_s.a(del_op.o)
                0x00002b4c                operator delete(void*)
 .text.__aeabi_atexit
                0x00002b58        0xe c:/gcc4mbed_r107/gcc-arm-none-eabi/bin/../lib/gcc/arm-none-eabi/4.8.3/../../../../arm-none-eabi/lib/armv6-m\libstdc++_s.a(atexit_arm.o)
                0x00002b58                __aeabi_atexit
 *fill*         0x00002b66        0x2 
 .text          0x00002b68       0x9c c:/gcc4mbed_r107/gcc-arm-none-eabi/bin/../lib/gcc/arm-none-eabi/4.8.3/armv6-m\libgcc.a(_udivsi3.o)
                0x00002b68                __aeabi_uidiv
                0x00002b68                __udivsi3
                0x00002bf0                __aeabi_uidivmod
 .text          0x00002c04        0x4 c:/gcc4mbed_r107/gcc-arm-none-eabi/bin/../lib/gcc/arm-none-eabi/4.8.3/armv6-m\libgcc.a(_dvmd_tls.o)
                0x00002c04                __aeabi_idiv0
                0x00002c04                __aeabi_ldiv0
 .text          0x00002c08       0x7c c:/gcc4mbed_r107/gcc-arm-none-eabi/bin/../lib/gcc/arm-none-eabi/4.8.3/armv6-m\libgcc.a(_arm_cmpdf2.o)
                0x00002c08                __aeabi_cdrcmple
                0x00002c18                __aeabi_cdcmple
                0x00002c18                __aeabi_cdcmpeq
                0x00002c28                __aeabi_dcmpeq
                0x00002c34                __aeabi_dcmplt
                0x00002c48                __aeabi_dcmple
                0x00002c5c                __aeabi_dcmpgt
                0x00002c70                __aeabi_dcmpge
 .text          0x00002c84       0x74 c:/gcc4mbed_r107/gcc-arm-none-eabi/bin/../lib/gcc/arm-none-eabi/4.8.3/armv6-m\libgcc.a(_arm_cmpsf2.o)
                0x00002c84                __aeabi_cfrcmple
                0x00002c8c                __aeabi_cfcmpeq
                0x00002c8c                __aeabi_cfcmple
                0x00002c9c                __aeabi_fcmpeq
                0x00002ca8                __aeabi_fcmplt
                0x00002cbc                __aeabi_fcmple
                0x00002cd0                __aeabi_fcmpgt
                0x00002ce4                __aeabi_fcmpge
 .text          0x00002cf8       0x30 c:/gcc4mbed_r107/gcc-arm-none-eabi/bin/../lib/gcc/arm-none-eabi/4.8.3/armv6-m\libgcc.a(_fixunssfsi.o)
                0x00002cf8                __fixunssfsi
                0x00002cf8                __aeabi_f2uiz
 .text          0x00002d28      0x2c8 c:/gcc4mbed_r107/gcc-arm-none-eabi/bin/../lib/gcc/arm-none-eabi/4.8.3/armv6-m\libgcc.a(addsf3.o)
                0x00002d28                __aeabi_fadd
 .text          0x00002ff0      0x24c c:/gcc4mbed_r107/gcc-arm-none-eabi/bin/../lib/gcc/arm-none-eabi/4.8.3/armv6-m\libgcc.a(divsf3.o)
                0x00002ff0                __aeabi_fdiv
 .text          0x0000323c       0x54 c:/gcc4mbed_r107/gcc-arm-none-eabi/bin/../lib/gcc/arm-none-eabi/4.8.3/armv6-m\libgcc.a(eqsf2.o)
                0x0000323c                __eqsf2
                0x0000323c                __nesf2
 .text          0x00003290       0x90 c:/gcc4mbed_r107/gcc-arm-none-eabi/bin/../lib/gcc/arm-none-eabi/4.8.3/armv6-m\libgcc.a(gesf2.o)
                0x00003290                __gesf2
                0x00003290                __gtsf2
 .text          0x00003320       0x98 c:/gcc4mbed_r107/gcc-arm-none-eabi/bin/../lib/gcc/arm-none-eabi/4.8.3/armv6-m\libgcc.a(lesf2.o)
                0x00003320                __ltsf2
                0x00003320                __lesf2
 .text          0x000033b8      0x254 c:/gcc4mbed_r107/gcc-arm-none-eabi/bin/../lib/gcc/arm-none-eabi/4.8.3/armv6-m\libgcc.a(mulsf3.o)
                0x000033b8                __aeabi_fmul
 .text          0x0000360c      0x2e0 c:/gcc4mbed_r107/gcc-arm-none-eabi/bin/../lib/gcc/arm-none-eabi/4.8.3/armv6-m\libgcc.a(subsf3.o)
                0x0000360c                __aeabi_fsub
 .text          0x000038ec       0x40 c:/gcc4mbed_r107/gcc-arm-none-eabi/bin/../lib/gcc/arm-none-eabi/4.8.3/armv6-m\libgcc.a(fixsfsi.o)
                0x000038ec                __aeabi_f2iz
 .text          0x0000392c       0xb8 c:/gcc4mbed_r107/gcc-arm-none-eabi/bin/../lib/gcc/arm-none-eabi/4.8.3/armv6-m\libgcc.a(floatsisf.o)
                0x0000392c                __aeabi_i2f
 .text          0x000039e4       0xa0 c:/gcc4mbed_r107/gcc-arm-none-eabi/bin/../lib/gcc/arm-none-eabi/4.8.3/armv6-m\libgcc.a(floatunsisf.o)
                0x000039e4                __aeabi_ui2f
 .text          0x00003a84      0x638 c:/gcc4mbed_r107/gcc-arm-none-eabi/bin/../lib/gcc/arm-none-eabi/4.8.3/armv6-m\libgcc.a(adddf3.o)
                0x00003a84                __aeabi_dadd
 .text          0x000040bc      0x648 c:/gcc4mbed_r107/gcc-arm-none-eabi/bin/../lib/gcc/arm-none-eabi/4.8.3/armv6-m\libgcc.a(divdf3.o)
                0x000040bc                __aeabi_ddiv
 .text          0x00004704       0x94 c:/gcc4mbed_r107/gcc-arm-none-eabi/bin/../lib/gcc/arm-none-eabi/4.8.3/armv6-m\libgcc.a(eqdf2.o)
                0x00004704                __nedf2
                0x00004704                __eqdf2
 .text          0x00004798       0xfc c:/gcc4mbed_r107/gcc-arm-none-eabi/bin/../lib/gcc/arm-none-eabi/4.8.3/armv6-m\libgcc.a(gedf2.o)
                0x00004798                __gedf2
                0x00004798                __gtdf2
 .text          0x00004894       0xfc c:/gcc4mbed_r107/gcc-arm-none-eabi/bin/../lib/gcc/arm-none-eabi/4.8.3/armv6-m\libgcc.a(ledf2.o)
                0x00004894                __ledf2
                0x00004894                __ltdf2
 .text          0x00004990      0x520 c:/gcc4mbed_r107/gcc-arm-none-eabi/bin/../lib/gcc/arm-none-eabi/4.8.3/armv6-m\libgcc.a(muldf3.o)
                0x00004990                __aeabi_dmul
 .text          0x00004eb0      0x654 c:/gcc4mbed_r107/gcc-arm-none-eabi/bin/../lib/gcc/arm-none-eabi/4.8.3/armv6-m\libgcc.a(subdf3.o)
                0x00004eb0                __aeabi_dsub
 .text          0x00005504       0xa4 c:/gcc4mbed_r107/gcc-arm-none-eabi/bin/../lib/gcc/arm-none-eabi/4.8.3/armv6-m\libgcc.a(extendsfdf2.o)
                0x00005504                __aeabi_f2d
 .text          0x000055a8      0x118 c:/gcc4mbed_r107/gcc-arm-none-eabi/bin/../lib/gcc/arm-none-eabi/4.8.3/armv6-m\libgcc.a(truncdfsf2.o)
                0x000055a8                __aeabi_d2f
 .text          0x000056c0       0x3c c:/gcc4mbed_r107/gcc-arm-none-eabi/bin/../lib/gcc/arm-none-eabi/4.8.3/armv6-m\libgcc.a(_clzsi2.o)
                0x000056c0                __clzsi2
 .text.__cxa_atexit
                0x000056fc       0x20 c:/gcc4mbed_r107/gcc-arm-none-eabi/bin/../lib/gcc/arm-none-eabi/4.8.3/../../../../arm-none-eabi/lib/armv6-m\libc_s.a(lib_a-cxa_atexit.o)
                0x000056fc                __cxa_atexit
 .text.__errno  0x0000571c        0xc c:/gcc4mbed_r107/gcc-arm-none-eabi/bin/../lib/gcc/arm-none-eabi/4.8.3/../../../../arm-none-eabi/lib/armv6-m\libc_s.a(lib_a-errno.o)
                0x0000571c                __errno
 .text.exit     0x00005728       0x2c c:/gcc4mbed_r107/gcc-arm-none-eabi/bin/../lib/gcc/arm-none-eabi/4.8.3/../../../../arm-none-eabi/lib/armv6-m\libc_s.a(lib_a-exit.o)
                0x00005728                exit
 .text._fclose_r
                0x00005754       0xb0 c:/gcc4mbed_r107/gcc-arm-none-eabi/bin/../lib/gcc/arm-none-eabi/4.8.3/../../../../arm-none-eabi/lib/armv6-m\libc_s.a(lib_a-fclose.o)
                0x00005754                _fclose_r
 .text.fclose   0x00005804       0x14 c:/gcc4mbed_r107/gcc-arm-none-eabi/bin/../lib/gcc/arm-none-eabi/4.8.3/../../../../arm-none-eabi/lib/armv6-m\libc_s.a(lib_a-fclose.o)
                0x00005804                fclose
 .text.__sflush_r
                0x00005818      0x112 c:/gcc4mbed_r107/gcc-arm-none-eabi/bin/../lib/gcc/arm-none-eabi/4.8.3/../../../../arm-none-eabi/lib/armv6-m\libc_s.a(lib_a-fflush.o)
                0x00005818                __sflush_r
 *fill*         0x0000592a        0x2 
 .text._fflush_r
                0x0000592c       0x58 c:/gcc4mbed_r107/gcc-arm-none-eabi/bin/../lib/gcc/arm-none-eabi/4.8.3/../../../../arm-none-eabi/lib/armv6-m\libc_s.a(lib_a-fflush.o)
                0x0000592c                _fflush_r
 .text.fflush   0x00005984       0x28 c:/gcc4mbed_r107/gcc-arm-none-eabi/bin/../lib/gcc/arm-none-eabi/4.8.3/../../../../arm-none-eabi/lib/armv6-m\libc_s.a(lib_a-fflush.o)
                0x00005984                fflush
 .text._cleanup_r
                0x000059ac       0x34 c:/gcc4mbed_r107/gcc-arm-none-eabi/bin/../lib/gcc/arm-none-eabi/4.8.3/../../../../arm-none-eabi/lib/armv6-m\libc_s.a(lib_a-findfp.o)
                0x000059ac                _cleanup_r
 .text.std.isra.0
                0x000059e0       0x48 c:/gcc4mbed_r107/gcc-arm-none-eabi/bin/../lib/gcc/arm-none-eabi/4.8.3/../../../../arm-none-eabi/lib/armv6-m\libc_s.a(lib_a-findfp.o)
 .text.__sfmoreglue
                0x00005a28       0x2c c:/gcc4mbed_r107/gcc-arm-none-eabi/bin/../lib/gcc/arm-none-eabi/4.8.3/../../../../arm-none-eabi/lib/armv6-m\libc_s.a(lib_a-findfp.o)
                0x00005a28                __sfmoreglue
 .text.__sinit  0x00005a54       0x64 c:/gcc4mbed_r107/gcc-arm-none-eabi/bin/../lib/gcc/arm-none-eabi/4.8.3/../../../../arm-none-eabi/lib/armv6-m\libc_s.a(lib_a-findfp.o)
                0x00005a54                __sinit
 .text.__sfp    0x00005ab8       0x7c c:/gcc4mbed_r107/gcc-arm-none-eabi/bin/../lib/gcc/arm-none-eabi/4.8.3/../../../../arm-none-eabi/lib/armv6-m\libc_s.a(lib_a-findfp.o)
                0x00005ab8                __sfp
 .text.__sfp_lock_acquire
                0x00005b34        0x2 c:/gcc4mbed_r107/gcc-arm-none-eabi/bin/../lib/gcc/arm-none-eabi/4.8.3/../../../../arm-none-eabi/lib/armv6-m\libc_s.a(lib_a-findfp.o)
                0x00005b34                __sfp_lock_acquire
 .text.__sfp_lock_release
                0x00005b36        0x2 c:/gcc4mbed_r107/gcc-arm-none-eabi/bin/../lib/gcc/arm-none-eabi/4.8.3/../../../../arm-none-eabi/lib/armv6-m\libc_s.a(lib_a-findfp.o)
                0x00005b36                __sfp_lock_release
 .text._fopen_r
                0x00005b38       0x7c c:/gcc4mbed_r107/gcc-arm-none-eabi/bin/../lib/gcc/arm-none-eabi/4.8.3/../../../../arm-none-eabi/lib/armv6-m\libc_s.a(lib_a-fopen.o)
                0x00005b38                _fopen_r
 .text.fopen    0x00005bb4       0x18 c:/gcc4mbed_r107/gcc-arm-none-eabi/bin/../lib/gcc/arm-none-eabi/4.8.3/../../../../arm-none-eabi/lib/armv6-m\libc_s.a(lib_a-fopen.o)
                0x00005bb4                fopen
 .text._fseek_r
                0x00005bcc        0x8 c:/gcc4mbed_r107/gcc-arm-none-eabi/bin/../lib/gcc/arm-none-eabi/4.8.3/../../../../arm-none-eabi/lib/armv6-m\libc_s.a(lib_a-fseek.o)
                0x00005bcc                _fseek_r
 .text._fseeko_r
                0x00005bd4      0x130 c:/gcc4mbed_r107/gcc-arm-none-eabi/bin/../lib/gcc/arm-none-eabi/4.8.3/../../../../arm-none-eabi/lib/armv6-m\libc_s.a(lib_a-fseeko.o)
                0x00005bd4                _fseeko_r
 .text._fwalk_reent
                0x00005d04       0x42 c:/gcc4mbed_r107/gcc-arm-none-eabi/bin/../lib/gcc/arm-none-eabi/4.8.3/../../../../arm-none-eabi/lib/armv6-m\libc_s.a(lib_a-fwalk.o)
                0x00005d04                _fwalk_reent
 *fill*         0x00005d46        0x2 
 .text.__libc_init_array
                0x00005d48       0x4c c:/gcc4mbed_r107/gcc-arm-none-eabi/bin/../lib/gcc/arm-none-eabi/4.8.3/../../../../arm-none-eabi/lib/armv6-m\libc_s.a(lib_a-init.o)
                0x00005d48                __libc_init_array
 .text.__smakebuf_r
                0x00005d94       0xa0 c:/gcc4mbed_r107/gcc-arm-none-eabi/bin/../lib/gcc/arm-none-eabi/4.8.3/../../../../arm-none-eabi/lib/armv6-m\libc_s.a(lib_a-makebuf.o)
                0x00005d94                __smakebuf_r
 .text.malloc   0x00005e34       0x14 c:/gcc4mbed_r107/gcc-arm-none-eabi/bin/../lib/gcc/arm-none-eabi/4.8.3/../../../../arm-none-eabi/lib/armv6-m\libc_s.a(lib_a-malloc.o)
                0x00005e34                malloc
 .text.free     0x00005e48       0x14 c:/gcc4mbed_r107/gcc-arm-none-eabi/bin/../lib/gcc/arm-none-eabi/4.8.3/../../../../arm-none-eabi/lib/armv6-m\libc_s.a(lib_a-malloc.o)
                0x00005e48                free
 .text.memchr   0x00005e5c       0x16 c:/gcc4mbed_r107/gcc-arm-none-eabi/bin/../lib/gcc/arm-none-eabi/4.8.3/../../../../arm-none-eabi/lib/armv6-m\libc_s.a(lib_a-memchr-stub.o)
                0x00005e5c                memchr
 .text.memcpy   0x00005e72       0x12 c:/gcc4mbed_r107/gcc-arm-none-eabi/bin/../lib/gcc/arm-none-eabi/4.8.3/../../../../arm-none-eabi/lib/armv6-m\libc_s.a(lib_a-memcpy-stub.o)
                0x00005e72                memcpy
 .text.memset   0x00005e84       0x10 c:/gcc4mbed_r107/gcc-arm-none-eabi/bin/../lib/gcc/arm-none-eabi/4.8.3/../../../../arm-none-eabi/lib/armv6-m\libc_s.a(lib_a-memset.o)
                0x00005e84                memset
 .text._free_r  0x00005e94       0x90 c:/gcc4mbed_r107/gcc-arm-none-eabi/bin/../lib/gcc/arm-none-eabi/4.8.3/../../../../arm-none-eabi/lib/armv6-m\libc_s.a(lib_a-nano-freer.o)
                0x00005e94                _free_r
 .text._malloc_r
                0x00005f24       0xa8 c:/gcc4mbed_r107/gcc-arm-none-eabi/bin/../lib/gcc/arm-none-eabi/4.8.3/../../../../arm-none-eabi/lib/armv6-m\libc_s.a(lib_a-nano-mallocr.o)
                0x00005f24                _malloc_r
 .text._open_r  0x00005fcc       0x28 c:/gcc4mbed_r107/gcc-arm-none-eabi/bin/../lib/gcc/arm-none-eabi/4.8.3/../../../../arm-none-eabi/lib/armv6-m\libc_s.a(lib_a-openr.o)
                0x00005fcc                _open_r
 .text._sbrk_r  0x00005ff4       0x24 c:/gcc4mbed_r107/gcc-arm-none-eabi/bin/../lib/gcc/arm-none-eabi/4.8.3/../../../../arm-none-eabi/lib/armv6-m\libc_s.a(lib_a-sbrkr.o)
                0x00005ff4                _sbrk_r
 .text.setbuf   0x00006018       0x12 c:/gcc4mbed_r107/gcc-arm-none-eabi/bin/../lib/gcc/arm-none-eabi/4.8.3/../../../../arm-none-eabi/lib/armv6-m\libc_s.a(lib_a-setbuf.o)
                0x00006018                setbuf
 *fill*         0x0000602a        0x2 
 .text.setvbuf  0x0000602c      0x10c c:/gcc4mbed_r107/gcc-arm-none-eabi/bin/../lib/gcc/arm-none-eabi/4.8.3/../../../../arm-none-eabi/lib/armv6-m\libc_s.a(lib_a-setvbuf.o)
                0x0000602c                setvbuf
 .text.sprintf  0x00006138       0x44 c:/gcc4mbed_r107/gcc-arm-none-eabi/bin/../lib/gcc/arm-none-eabi/4.8.3/../../../../arm-none-eabi/lib/armv6-m\libc_s.a(lib_a-sprintf.o)
                0x00006138                siprintf
                0x00006138                sprintf
 .text.sscanf   0x0000617c       0x50 c:/gcc4mbed_r107/gcc-arm-none-eabi/bin/../lib/gcc/arm-none-eabi/4.8.3/../../../../arm-none-eabi/lib/armv6-m\libc_s.a(lib_a-sscanf.o)
                0x0000617c                siscanf
                0x0000617c                sscanf
 .text.__sread  0x000061cc       0x28 c:/gcc4mbed_r107/gcc-arm-none-eabi/bin/../lib/gcc/arm-none-eabi/4.8.3/../../../../arm-none-eabi/lib/armv6-m\libc_s.a(lib_a-stdio.o)
                0x000061cc                __sread
 .text.__seofread
                0x000061f4        0x4 c:/gcc4mbed_r107/gcc-arm-none-eabi/bin/../lib/gcc/arm-none-eabi/4.8.3/../../../../arm-none-eabi/lib/armv6-m\libc_s.a(lib_a-stdio.o)
                0x000061f4                __seofread
 .text.__swrite
                0x000061f8       0x38 c:/gcc4mbed_r107/gcc-arm-none-eabi/bin/../lib/gcc/arm-none-eabi/4.8.3/../../../../arm-none-eabi/lib/armv6-m\libc_s.a(lib_a-stdio.o)
                0x000061f8                __swrite
 .text.__sseek  0x00006230       0x2c c:/gcc4mbed_r107/gcc-arm-none-eabi/bin/../lib/gcc/arm-none-eabi/4.8.3/../../../../arm-none-eabi/lib/armv6-m\libc_s.a(lib_a-stdio.o)
                0x00006230                __sseek
 .text.__sclose
                0x0000625c        0xc c:/gcc4mbed_r107/gcc-arm-none-eabi/bin/../lib/gcc/arm-none-eabi/4.8.3/../../../../arm-none-eabi/lib/armv6-m\libc_s.a(lib_a-stdio.o)
                0x0000625c                __sclose
 .text          0x00006268       0x14 c:/gcc4mbed_r107/gcc-arm-none-eabi/bin/../lib/gcc/arm-none-eabi/4.8.3/../../../../arm-none-eabi/lib/armv6-m\libc_s.a(lib_a-strcmp.o)
                0x00006268                strcmp
 .text.strlen   0x0000627c        0xe c:/gcc4mbed_r107/gcc-arm-none-eabi/bin/../lib/gcc/arm-none-eabi/4.8.3/../../../../arm-none-eabi/lib/armv6-m\libc_s.a(lib_a-strlen.o)
                0x0000627c                strlen
 .text.strncmp  0x0000628a       0x2c c:/gcc4mbed_r107/gcc-arm-none-eabi/bin/../lib/gcc/arm-none-eabi/4.8.3/../../../../arm-none-eabi/lib/armv6-m\libc_s.a(lib_a-strncmp.o)
                0x0000628a                strncmp
 *fill*         0x000062b6        0x2 
 .text.__ssputs_r
                0x000062b8       0xc0 c:/gcc4mbed_r107/gcc-arm-none-eabi/bin/../lib/gcc/arm-none-eabi/4.8.3/../../../../arm-none-eabi/lib/armv6-m\libc_s.a(lib_a-svfprintf.o)
                0x000062b8                __ssputs_r
 .text._svfprintf_r
                0x00006378      0x1e0 c:/gcc4mbed_r107/gcc-arm-none-eabi/bin/../lib/gcc/arm-none-eabi/4.8.3/../../../../arm-none-eabi/lib/armv6-m\libc_s.a(lib_a-svfprintf.o)
                0x00006378                _svfiprintf_r
                0x00006378                _svfprintf_r
 .text._sungetc_r
                0x00006558       0x7a c:/gcc4mbed_r107/gcc-arm-none-eabi/bin/../lib/gcc/arm-none-eabi/4.8.3/../../../../arm-none-eabi/lib/armv6-m\libc_s.a(lib_a-svfscanf.o)
                0x00006558                _sungetc_r
 .text.__ssrefill_r
                0x000065d2       0x3e c:/gcc4mbed_r107/gcc-arm-none-eabi/bin/../lib/gcc/arm-none-eabi/4.8.3/../../../../arm-none-eabi/lib/armv6-m\libc_s.a(lib_a-svfscanf.o)
                0x000065d2                __ssrefill_r
 .text.__ssvfscanf_r
                0x00006610      0x2b0 c:/gcc4mbed_r107/gcc-arm-none-eabi/bin/../lib/gcc/arm-none-eabi/4.8.3/../../../../arm-none-eabi/lib/armv6-m\libc_s.a(lib_a-svfscanf.o)
                0x00006610                __ssvfiscanf_r
                0x00006610                __ssvfscanf_r
 .text.__submore
                0x000068c0       0x7c c:/gcc4mbed_r107/gcc-arm-none-eabi/bin/../lib/gcc/arm-none-eabi/4.8.3/../../../../arm-none-eabi/lib/armv6-m\libc_s.a(lib_a-ungetc.o)
                0x000068c0                __submore
 .text.__sfputc_r
                0x0000693c       0x2a c:/gcc4mbed_r107/gcc-arm-none-eabi/bin/../lib/gcc/arm-none-eabi/4.8.3/../../../../arm-none-eabi/lib/armv6-m\libc_s.a(lib_a-vfprintf.o)
 .text.__sfputs_r
                0x00006966       0x24 c:/gcc4mbed_r107/gcc-arm-none-eabi/bin/../lib/gcc/arm-none-eabi/4.8.3/../../../../arm-none-eabi/lib/armv6-m\libc_s.a(lib_a-vfprintf.o)
                0x00006966                __sfputs_r
 *fill*         0x0000698a        0x2 
 .text._vfprintf_r
                0x0000698c      0x210 c:/gcc4mbed_r107/gcc-arm-none-eabi/bin/../lib/gcc/arm-none-eabi/4.8.3/../../../../arm-none-eabi/lib/armv6-m\libc_s.a(lib_a-vfprintf.o)
                0x0000698c                _vfprintf_r
                0x0000698c                _vfiprintf_r
 .text.vfprintf
                0x00006b9c       0x1c c:/gcc4mbed_r107/gcc-arm-none-eabi/bin/../lib/gcc/arm-none-eabi/4.8.3/../../../../arm-none-eabi/lib/armv6-m\libc_s.a(lib_a-vfprintf.o)
                0x00006b9c                vfprintf
                0x00006b9c                vfiprintf
 .text._printf_common
                0x00006bb8       0xe8 c:/gcc4mbed_r107/gcc-arm-none-eabi/bin/../lib/gcc/arm-none-eabi/4.8.3/../../../../arm-none-eabi/lib/armv6-m\libc_s.a(lib_a-vfprintf_i.o)
                0x00006bb8                _printf_common
 .text._printf_i
                0x00006ca0      0x22c c:/gcc4mbed_r107/gcc-arm-none-eabi/bin/../lib/gcc/arm-none-eabi/4.8.3/../../../../arm-none-eabi/lib/armv6-m\libc_s.a(lib_a-vfprintf_i.o)
                0x00006ca0                _printf_i
 .text._scanf_chars
                0x00006ecc       0xc8 c:/gcc4mbed_r107/gcc-arm-none-eabi/bin/../lib/gcc/arm-none-eabi/4.8.3/../../../../arm-none-eabi/lib/armv6-m\libc_s.a(lib_a-vfscanf_i.o)
                0x00006ecc                _scanf_chars
 .text._scanf_i
                0x00006f94      0x1fc c:/gcc4mbed_r107/gcc-arm-none-eabi/bin/../lib/gcc/arm-none-eabi/4.8.3/../../../../arm-none-eabi/lib/armv6-m\libc_s.a(lib_a-vfscanf_i.o)
                0x00006f94                _scanf_i
 .text.__swbuf_r
                0x00007190       0xb0 c:/gcc4mbed_r107/gcc-arm-none-eabi/bin/../lib/gcc/arm-none-eabi/4.8.3/../../../../arm-none-eabi/lib/armv6-m\libc_s.a(lib_a-wbuf.o)
                0x00007190                __swbuf_r
 .text._write_r
                0x00007240       0x28 c:/gcc4mbed_r107/gcc-arm-none-eabi/bin/../lib/gcc/arm-none-eabi/4.8.3/../../../../arm-none-eabi/lib/armv6-m\libc_s.a(lib_a-writer.o)
                0x00007240                _write_r
 .text.__swsetup_r
                0x00007268       0xe4 c:/gcc4mbed_r107/gcc-arm-none-eabi/bin/../lib/gcc/arm-none-eabi/4.8.3/../../../../arm-none-eabi/lib/armv6-m\libc_s.a(lib_a-wsetup.o)
                0x00007268                __swsetup_r
 .text._close_r
                0x0000734c       0x24 c:/gcc4mbed_r107/gcc-arm-none-eabi/bin/../lib/gcc/arm-none-eabi/4.8.3/../../../../arm-none-eabi/lib/armv6-m\libc_s.a(lib_a-closer.o)
                0x0000734c                _close_r
 .text.__sflags
                0x00007370       0x6e c:/gcc4mbed_r107/gcc-arm-none-eabi/bin/../lib/gcc/arm-none-eabi/4.8.3/../../../../arm-none-eabi/lib/armv6-m\libc_s.a(lib_a-flags.o)
                0x00007370                __sflags
 *fill*         0x000073de        0x2 
 .text._fstat_r
                0x000073e0       0x24 c:/gcc4mbed_r107/gcc-arm-none-eabi/bin/../lib/gcc/arm-none-eabi/4.8.3/../../../../arm-none-eabi/lib/armv6-m\libc_s.a(lib_a-fstatr.o)
                0x000073e0                _fstat_r
 .text._isatty_r
                0x00007404       0x24 c:/gcc4mbed_r107/gcc-arm-none-eabi/bin/../lib/gcc/arm-none-eabi/4.8.3/../../../../arm-none-eabi/lib/armv6-m\libc_s.a(lib_a-isattyr.o)
                0x00007404                _isatty_r
 .text._lseek_r
                0x00007428       0x28 c:/gcc4mbed_r107/gcc-arm-none-eabi/bin/../lib/gcc/arm-none-eabi/4.8.3/../../../../arm-none-eabi/lib/armv6-m\libc_s.a(lib_a-lseekr.o)
                0x00007428                _lseek_r
 .text.memmove  0x00007450       0x32 c:/gcc4mbed_r107/gcc-arm-none-eabi/bin/../lib/gcc/arm-none-eabi/4.8.3/../../../../arm-none-eabi/lib/armv6-m\libc_s.a(lib_a-memmove.o)
                0x00007450                memmove
 .text._realloc_r
                0x00007482       0x4c c:/gcc4mbed_r107/gcc-arm-none-eabi/bin/../lib/gcc/arm-none-eabi/4.8.3/../../../../arm-none-eabi/lib/armv6-m\libc_s.a(lib_a-nano-reallocr.o)
                0x00007482                _realloc_r
 *fill*         0x000074ce        0x2 
 .text._read_r  0x000074d0       0x28 c:/gcc4mbed_r107/gcc-arm-none-eabi/bin/../lib/gcc/arm-none-eabi/4.8.3/../../../../arm-none-eabi/lib/armv6-m\libc_s.a(lib_a-readr.o)
                0x000074d0                _read_r
 .text.__sccl   0x000074f8       0x66 c:/gcc4mbed_r107/gcc-arm-none-eabi/bin/../lib/gcc/arm-none-eabi/4.8.3/../../../../arm-none-eabi/lib/armv6-m\libc_s.a(lib_a-sccl.o)
                0x000074f8                __sccl
 *fill*         0x0000755e        0x2 
 .text._strtol_r
                0x00007560      0x114 c:/gcc4mbed_r107/gcc-arm-none-eabi/bin/../lib/gcc/arm-none-eabi/4.8.3/../../../../arm-none-eabi/lib/armv6-m\libc_s.a(lib_a-strtol.o)
                0x00007560                _strtol_r
 .text._strtoul_r
                0x00007674       0xf8 c:/gcc4mbed_r107/gcc-arm-none-eabi/bin/../lib/gcc/arm-none-eabi/4.8.3/../../../../arm-none-eabi/lib/armv6-m\libc_s.a(lib_a-strtoul.o)
                0x00007674                _strtoul_r
 .text._malloc_usable_size_r
                0x0000776c       0x12 c:/gcc4mbed_r107/gcc-arm-none-eabi/bin/../lib/gcc/arm-none-eabi/4.8.3/../../../../arm-none-eabi/lib/armv6-m\libc_s.a(lib_a-nano-msizer.o)
                0x0000776c                _malloc_usable_size_r
 *(.init)
 *fill*         0x0000777e        0x2 
 .init          0x00007780        0x4 c:/gcc4mbed_r107/gcc-arm-none-eabi/bin/../lib/gcc/arm-none-eabi/4.8.3/armv6-m/crti.o
                0x00007780                _init
 .init          0x00007784        0x8 c:/gcc4mbed_r107/gcc-arm-none-eabi/bin/../lib/gcc/arm-none-eabi/4.8.3/armv6-m/crtn.o
 *(.fini)
 .fini          0x0000778c        0x4 c:/gcc4mbed_r107/gcc-arm-none-eabi/bin/../lib/gcc/arm-none-eabi/4.8.3/armv6-m/crti.o
                0x0000778c                _fini
 .fini          0x00007790        0x8 c:/gcc4mbed_r107/gcc-arm-none-eabi/bin/../lib/gcc/arm-none-eabi/4.8.3/armv6-m/crtn.o
 *crtbegin.o(.ctors)
 *crtbegin?.o(.ctors)
 *(EXCLUDE_FILE(*crtend.o *crtend?.o) .ctors)
 *(SORT(.ctors.*))
 *(.ctors)
 *crtbegin.o(.dtors)
 *crtbegin?.o(.dtors)
 *(EXCLUDE_FILE(*crtend.o *crtend?.o) .dtors)
 *(SORT(.dtors.*))
 *(.dtors)
 *(.rodata*)
 .rodata._ZTVN4mbed10SerialBaseE
                0x00007798       0x10 SSCI824/main.o
                0x00007798                vtable for mbed::SerialBase
 .rodata.str1.4
                0x000077a8       0x83 SSCI824/main.o
                                 0x84 (size before relaxing)
 *fill*         0x0000782b        0x1 
 .rodata.PinMap_ADC
                0x0000782c       0x90 ../../external/mbed/Release/NXP_SSCI824/mbed.a(analogin_api.o)
 .rodata.str1.4
                0x000078bc       0x11 ../../external/mbed/Release/NXP_SSCI824/mbed.a(pwmout_api.o)
                                 0x14 (size before relaxing)
 *fill*         0x000078cd        0x3 
 .rodata.str1.4
                0x000078d0       0x66 ../../external/mbed/Release/NXP_SSCI824/mbed.a(pinmap_common.o)
                                 0x68 (size before relaxing)
 *fill*         0x00007936        0x2 
 .rodata.__stdin_name
                0x00007938        0x8 ../../external/mbed/Release/NXP_SSCI824/mbed.a(retarget.o)
                0x00007938                __stdin_name
 .rodata.__stderr_name
                0x00007940        0x8 ../../external/mbed/Release/NXP_SSCI824/mbed.a(retarget.o)
                0x00007940                __stderr_name
 .rodata.__stdout_name
                0x00007948        0x8 ../../external/mbed/Release/NXP_SSCI824/mbed.a(retarget.o)
                0x00007948                __stdout_name
 .rodata._ZTVN4mbed10FileHandleE
                0x00007950       0x30 ../../external/mbed/Release/NXP_SSCI824/mbed.a(retarget.o)
                0x00007950                vtable for mbed::FileHandle
 .rodata.str1.4
                0x00007980        0xe ../../external/mbed/Release/NXP_SSCI824/mbed.a(retarget.o)
                                 0x10 (size before relaxing)
 *fill*         0x0000798e        0x2 
 .rodata._ZTVN4mbed6SerialE
                0x00007990       0x60 ../../external/mbed/Release/NXP_SSCI824/mbed.a(Serial.o)
                0x00007990                vtable for mbed::Serial
 .rodata._ZTVN4mbed6StreamE
                0x000079f0       0x48 ../../external/mbed/Release/NXP_SSCI824/mbed.a(Stream.o)
                0x000079f0                vtable for mbed::Stream
 .rodata.str1.4
                0x00007a38        0x3 ../../external/mbed/Release/NXP_SSCI824/mbed.a(Stream.o)
                                  0x8 (size before relaxing)
 *fill*         0x00007a3b        0x1 
 .rodata.SWM_UART_RX
                0x00007a3c        0x8 ../../external/mbed/Release/NXP_SSCI824/mbed.a(serial_api.o)
 .rodata.SWM_UART_TX
                0x00007a44        0x8 ../../external/mbed/Release/NXP_SSCI824/mbed.a(serial_api.o)
 .rodata.str1.4
                0x00007a4c       0x14 ../../external/mbed/Release/NXP_SSCI824/mbed.a(serial_api.o)
 .rodata.us_interface
                0x00007a60       0x14 ../../external/mbed/Release/NXP_SSCI824/mbed.a(us_ticker_api.o)
 .rodata.us_data
                0x00007a74        0x8 ../../external/mbed/Release/NXP_SSCI824/mbed.a(us_ticker_api.o)
 *fill*         0x00007a7c        0x4 
 .rodata._ZTVN4mbed8FileLikeE
                0x00007a80       0x40 ../../external/mbed/Release/NXP_SSCI824/mbed.a(FileLike.o)
                0x00007a80                vtable for mbed::FileLike
 .rodata._ZTVN4mbed8FileBaseE
                0x00007ac0       0x10 ../../external/mbed/Release/NXP_SSCI824/mbed.a(FileBase.o)
                0x00007ac0                vtable for mbed::FileBase
 .rodata        0x00007ad0       0x40 c:/gcc4mbed_r107/gcc-arm-none-eabi/bin/../lib/gcc/arm-none-eabi/4.8.3/armv6-m\libgcc.a(divsf3.o)
 .rodata        0x00007b10       0x40 c:/gcc4mbed_r107/gcc-arm-none-eabi/bin/../lib/gcc/arm-none-eabi/4.8.3/armv6-m\libgcc.a(mulsf3.o)
 .rodata        0x00007b50       0x40 c:/gcc4mbed_r107/gcc-arm-none-eabi/bin/../lib/gcc/arm-none-eabi/4.8.3/armv6-m\libgcc.a(divdf3.o)
 .rodata        0x00007b90       0x40 c:/gcc4mbed_r107/gcc-arm-none-eabi/bin/../lib/gcc/arm-none-eabi/4.8.3/armv6-m\libgcc.a(muldf3.o)
 .rodata.__sf_fake_stdin
                0x00007bd0       0x20 c:/gcc4mbed_r107/gcc-arm-none-eabi/bin/../lib/gcc/arm-none-eabi/4.8.3/../../../../arm-none-eabi/lib/armv6-m\libc_s.a(lib_a-findfp.o)
                0x00007bd0                __sf_fake_stdin
 .rodata.__sf_fake_stdout
                0x00007bf0       0x20 c:/gcc4mbed_r107/gcc-arm-none-eabi/bin/../lib/gcc/arm-none-eabi/4.8.3/../../../../arm-none-eabi/lib/armv6-m\libc_s.a(lib_a-findfp.o)
                0x00007bf0                __sf_fake_stdout
 .rodata.__sf_fake_stderr
                0x00007c10       0x20 c:/gcc4mbed_r107/gcc-arm-none-eabi/bin/../lib/gcc/arm-none-eabi/4.8.3/../../../../arm-none-eabi/lib/armv6-m\libc_s.a(lib_a-findfp.o)
                0x00007c10                __sf_fake_stderr
 .rodata.str1.1
                0x00007c30        0x2 c:/gcc4mbed_r107/gcc-arm-none-eabi/bin/../lib/gcc/arm-none-eabi/4.8.3/../../../../arm-none-eabi/lib/armv6-m\libc_s.a(lib_a-impure.o)
 *fill*         0x00007c32        0x2 
 .rodata._global_impure_ptr
                0x00007c34        0x4 c:/gcc4mbed_r107/gcc-arm-none-eabi/bin/../lib/gcc/arm-none-eabi/4.8.3/../../../../arm-none-eabi/lib/armv6-m\libc_s.a(lib_a-impure.o)
                0x00007c34                _global_impure_ptr
 .rodata.str1.1
                0x00007c38       0x11 c:/gcc4mbed_r107/gcc-arm-none-eabi/bin/../lib/gcc/arm-none-eabi/4.8.3/../../../../arm-none-eabi/lib/armv6-m\libc_s.a(lib_a-svfprintf.o)
 .rodata.str1.1
                0x00000000        0x4 c:/gcc4mbed_r107/gcc-arm-none-eabi/bin/../lib/gcc/arm-none-eabi/4.8.3/../../../../arm-none-eabi/lib/armv6-m\libc_s.a(lib_a-svfscanf.o)
 .rodata.str1.1
                0x00000000       0x11 c:/gcc4mbed_r107/gcc-arm-none-eabi/bin/../lib/gcc/arm-none-eabi/4.8.3/../../../../arm-none-eabi/lib/armv6-m\libc_s.a(lib_a-vfprintf.o)
 .rodata.str1.1
                0x00007c49       0x22 c:/gcc4mbed_r107/gcc-arm-none-eabi/bin/../lib/gcc/arm-none-eabi/4.8.3/../../../../arm-none-eabi/lib/armv6-m\libc_s.a(lib_a-vfprintf_i.o)
 *fill*         0x00007c6b        0x1 
 .rodata        0x00007c6c        0xc c:/gcc4mbed_r107/gcc-arm-none-eabi/bin/../lib/gcc/arm-none-eabi/4.8.3/../../../../arm-none-eabi/lib/armv6-m\libc_s.a(lib_a-vfscanf_i.o)
 .rodata.str1.1
                0x00007c78       0x1b c:/gcc4mbed_r107/gcc-arm-none-eabi/bin/../lib/gcc/arm-none-eabi/4.8.3/../../../../arm-none-eabi/lib/armv6-m\libc_s.a(lib_a-vfscanf_i.o)
 .rodata._ctype_
                0x00007c93      0x101 c:/gcc4mbed_r107/gcc-arm-none-eabi/bin/../lib/gcc/arm-none-eabi/4.8.3/../../../../arm-none-eabi/lib/armv6-m\libc_s.a(lib_a-ctype_.o)
                0x00007c93                _ctype_
 *(.eh_frame*)
 .eh_frame      0x00007d94        0x0 c:/gcc4mbed_r107/gcc-arm-none-eabi/bin/../lib/gcc/arm-none-eabi/4.8.3/armv6-m/crtbegin.o
 .eh_frame      0x00007d94        0x4 c:/gcc4mbed_r107/gcc-arm-none-eabi/bin/../lib/gcc/arm-none-eabi/4.8.3/armv6-m/crtend.o

.glue_7         0x00007d98        0x0
 .glue_7        0x00000000        0x0 linker stubs

.glue_7t        0x00007d98        0x0
 .glue_7t       0x00000000        0x0 linker stubs

.vfp11_veneer   0x00007d98        0x0
 .vfp11_veneer  0x00000000        0x0 linker stubs

.v4_bx          0x00007d98        0x0
 .v4_bx         0x00000000        0x0 linker stubs

.iplt           0x00007d98        0x0
 .iplt          0x00000000        0x0 c:/gcc4mbed_r107/gcc-arm-none-eabi/bin/../lib/gcc/arm-none-eabi/4.8.3/armv6-m/crtbegin.o

.rel.dyn        0x00007d98        0x0
 .rel.iplt      0x00000000        0x0 c:/gcc4mbed_r107/gcc-arm-none-eabi/bin/../lib/gcc/arm-none-eabi/4.8.3/armv6-m/crtbegin.o

.ARM.extab
 *(.ARM.extab* .gnu.linkonce.armextab.*)
                0x00007d98                __exidx_start = .

.ARM.exidx
 *(.ARM.exidx* .gnu.linkonce.armexidx.*)
                0x00007d98                __exidx_end = .
                0x00007d98                __etext = .

.data           0x100000c0       0x84 load address 0x00007d98
                0x100000c0                __data_start__ = .
 *(vtable)
 *(.data*)
 .data          0x100000c0        0x4 c:/gcc4mbed_r107/gcc-arm-none-eabi/bin/../lib/gcc/arm-none-eabi/4.8.3/armv6-m/crtbegin.o
                0x100000c0                __dso_handle
 .data.MainClock
                0x100000c4        0x4 ../../external/mbed/Release/NXP_SSCI824/mbed.a(system_LPC8xx.o)
                0x100000c4                MainClock
 .data.SystemCoreClock
                0x100000c8        0x4 ../../external/mbed/Release/NXP_SSCI824/mbed.a(system_LPC8xx.o)
                0x100000c8                SystemCoreClock
 .data._ZZ5_sbrkE4heap
                0x100000cc        0x4 ../../external/mbed/Release/NXP_SSCI824/mbed.a(retarget.o)
 .data.impure_data
                0x100000d0       0x60 c:/gcc4mbed_r107/gcc-arm-none-eabi/bin/../lib/gcc/arm-none-eabi/4.8.3/../../../../arm-none-eabi/lib/armv6-m\libc_s.a(lib_a-impure.o)
 .data._impure_ptr
                0x10000130        0x4 c:/gcc4mbed_r107/gcc-arm-none-eabi/bin/../lib/gcc/arm-none-eabi/4.8.3/../../../../arm-none-eabi/lib/armv6-m\libc_s.a(lib_a-impure.o)
                0x10000130                _impure_ptr
 .data.__ctype_ptr__
                0x10000134        0x4 c:/gcc4mbed_r107/gcc-arm-none-eabi/bin/../lib/gcc/arm-none-eabi/4.8.3/../../../../arm-none-eabi/lib/armv6-m\libc_s.a(lib_a-ctype_.o)
                0x10000134                __ctype_ptr__
                0x10000138                . = ALIGN (0x4)
                0x10000138                PROVIDE (__preinit_array_start, .)
 *(.preinit_array)
                0x10000138                PROVIDE (__preinit_array_end, .)
                0x10000138                . = ALIGN (0x4)
                0x10000138                PROVIDE (__init_array_start, .)
 *(SORT(.init_array.*))
 *(.init_array)
 .init_array    0x10000138        0x4 c:/gcc4mbed_r107/gcc-arm-none-eabi/bin/../lib/gcc/arm-none-eabi/4.8.3/armv6-m/crtbegin.o
 .init_array    0x1000013c        0x4 SSCI824/main.o
                0x10000140                PROVIDE (__init_array_end, .)
                0x10000140                . = ALIGN (0x4)
                0x10000140                PROVIDE (__fini_array_start, .)
 *(SORT(.fini_array.*))
 *(.fini_array)
 .fini_array    0x10000140        0x4 c:/gcc4mbed_r107/gcc-arm-none-eabi/bin/../lib/gcc/arm-none-eabi/4.8.3/armv6-m/crtbegin.o
                0x10000144                PROVIDE (__fini_array_end, .)
                0x10000144                . = ALIGN (0x4)
                0x10000144                __data_end__ = .

.jcr            0x10000144        0x0 load address 0x00007e1c
 .jcr           0x10000144        0x0 c:/gcc4mbed_r107/gcc-arm-none-eabi/bin/../lib/gcc/arm-none-eabi/4.8.3/armv6-m/crtbegin.o

.igot.plt       0x10000144        0x0 load address 0x00007e1c
 .igot.plt      0x00000000        0x0 c:/gcc4mbed_r107/gcc-arm-none-eabi/bin/../lib/gcc/arm-none-eabi/4.8.3/armv6-m/crtbegin.o

.bss            0x10000144      0x2e4 load address 0x00007e1c
                0x10000144                __bss_start__ = .
 *(.bss*)
 .bss           0x10000144       0x1c c:/gcc4mbed_r107/gcc-arm-none-eabi/bin/../lib/gcc/arm-none-eabi/4.8.3/armv6-m/crtbegin.o
 .bss.dummy3    0x10000160       0x18 SSCI824/main.o
                0x10000160                dummy3
 .bss.SOKKYO    0x10000178        0x4 SSCI824/main.o
                0x10000178                SOKKYO
 .bss.dummy5    0x1000017c       0x18 SSCI824/main.o
                0x1000017c                dummy5
 .bss.Ir_C      0x10000194        0x4 SSCI824/main.o
                0x10000194                Ir_C
 .bss.servo     0x10000198        0x8 SSCI824/main.o
                0x10000198                servo
 .bss.pc        0x100001a0       0x58 SSCI824/main.o
                0x100001a0                pc
 .bss.SOKUIKI   0x100001f8        0x4 SSCI824/main.o
                0x100001f8                SOKUIKI
 .bss.Ir_L      0x100001fc        0x4 SSCI824/main.o
                0x100001fc                Ir_L
 .bss.ain1      0x10000200       0x18 SSCI824/main.o
                0x10000200                ain1
 .bss.ain2      0x10000218       0x18 SSCI824/main.o
                0x10000218                ain2
 .bss.bin2      0x10000230       0x18 SSCI824/main.o
                0x10000230                bin2
 .bss.start_sw  0x10000248       0x18 SSCI824/main.o
                0x10000248                start_sw
 .bss.Ir_R      0x10000260        0x4 SSCI824/main.o
                0x10000260                Ir_R
 .bss.pwma      0x10000264        0x8 SSCI824/main.o
                0x10000264                pwma
 .bss.pwmb      0x1000026c        0x8 SSCI824/main.o
                0x1000026c                pwmb
 .bss.bin1      0x10000274       0x18 SSCI824/main.o
                0x10000274                bin1
 .bss.dummy4    0x1000028c       0x18 SSCI824/main.o
                0x1000028c                dummy4
 .bss.dummy1    0x100002a4       0x18 SSCI824/main.o
                0x100002a4                dummy1
 .bss.dummy2    0x100002bc       0x18 SSCI824/main.o
                0x100002bc                dummy2
 .bss.sct_used  0x100002d4        0x1 ../../external/mbed/Release/NXP_SSCI824/mbed.a(pwmout_api.o)
 *fill*         0x100002d5        0x3 
 .bss._ZL11filehandles
                0x100002d8      0x100 ../../external/mbed/Release/NXP_SSCI824/mbed.a(retarget.o)
 .bss.gpio_enabled
                0x100003d8        0x4 ../../external/mbed/Release/NXP_SSCI824/mbed.a(gpio_api.o)
 .bss.stdio_uart_inited
                0x100003dc        0x4 ../../external/mbed/Release/NXP_SSCI824/mbed.a(serial_api.o)
                0x100003dc                stdio_uart_inited
 .bss.serial_irq_ids
                0x100003e0        0xc ../../external/mbed/Release/NXP_SSCI824/mbed.a(serial_api.o)
 .bss.irq_handler
                0x100003ec        0x4 ../../external/mbed/Release/NXP_SSCI824/mbed.a(serial_api.o)
 .bss.uart_used
                0x100003f0        0x1 ../../external/mbed/Release/NXP_SSCI824/mbed.a(serial_api.o)
 *fill*         0x100003f1        0x3 
 .bss.UARTSysClk
                0x100003f4        0x4 ../../external/mbed/Release/NXP_SSCI824/mbed.a(serial_api.o)
 .bss.us_ticker_inited
                0x100003f8        0x4 ../../external/mbed/Release/NXP_SSCI824/mbed.a(us_ticker.o)
 .bss.ticker_expired_count_us
                0x100003fc        0x4 ../../external/mbed/Release/NXP_SSCI824/mbed.a(us_ticker.o)
                0x100003fc                ticker_expired_count_us
 .bss.events    0x10000400        0x8 ../../external/mbed/Release/NXP_SSCI824/mbed.a(us_ticker_api.o)
 .bss._ZN4mbed8FileBase5_headE
                0x10000408        0x4 ../../external/mbed/Release/NXP_SSCI824/mbed.a(FileBase.o)
                0x10000408                mbed::FileBase::_head
 .bss.__malloc_sbrk_start
                0x1000040c        0x4 c:/gcc4mbed_r107/gcc-arm-none-eabi/bin/../lib/gcc/arm-none-eabi/4.8.3/../../../../arm-none-eabi/lib/armv6-m\libc_s.a(lib_a-nano-mallocr.o)
                0x1000040c                __malloc_sbrk_start
 .bss.__malloc_free_list
                0x10000410        0x4 c:/gcc4mbed_r107/gcc-arm-none-eabi/bin/../lib/gcc/arm-none-eabi/4.8.3/../../../../arm-none-eabi/lib/armv6-m\libc_s.a(lib_a-nano-mallocr.o)
                0x10000410                __malloc_free_list
 *(COMMON)
 COMMON         0x10000414        0x8 ../../external/mbed/Release/NXP_SSCI824/mbed.a(serial_api.o)
                0x10000414                stdio_uart
 COMMON         0x1000041c        0x8 ../../external/mbed/Release/NXP_SSCI824/mbed.a(us_ticker.o)
                0x1000041c                MRT_Clock_MHz
                0x10000420                ticker_fullcount_us
 COMMON         0x10000424        0x4 c:/gcc4mbed_r107/gcc-arm-none-eabi/bin/../lib/gcc/arm-none-eabi/4.8.3/../../../../arm-none-eabi/lib/armv6-m\libc_s.a(lib_a-reent.o)
                0x10000424                errno
                0x10000428                __bss_end__ = .

.heap           0x10000428       0x80
                0x10000428                __end__ = .
                0x10000428                end = __end__
 *(.heap*)
 .heap          0x10000428       0x80 ../../external/mbed/Release/NXP_SSCI824/mbed.a(startup_LPC824.o)
                0x10000428                __HeapBase
                0x100004a8                __HeapLimit = .

.stack_dummy    0x10000428       0x80
 *(.stack)
 .stack         0x10000428       0x80 ../../external/mbed/Release/NXP_SSCI824/mbed.a(startup_LPC824.o)
                0x10002000                __StackTop = (ORIGIN (RAM) + 0x1f40)
                0x10001f80                __StackLimit = (__StackTop - SIZEOF (.stack_dummy))
                0x10002000                PROVIDE (__stack, __StackTop)
                0x00000001                ASSERT ((__StackLimit >= __HeapLimit), region RAM overflowed with stack)
OUTPUT(SSCI824/mbedApp.elf elf32-littlearm)

.ARM.attributes
                0x00000000       0x28
 .ARM.attributes
                0x00000000       0x1e c:/gcc4mbed_r107/gcc-arm-none-eabi/bin/../lib/gcc/arm-none-eabi/4.8.3/armv6-m/crti.o
 .ARM.attributes
                0x0000001e       0x2c c:/gcc4mbed_r107/gcc-arm-none-eabi/bin/../lib/gcc/arm-none-eabi/4.8.3/armv6-m/crtbegin.o
 .ARM.attributes
                0x0000004a       0x32 SSCI824/main.o
 .ARM.attributes
                0x0000007c       0x32 SSCI824/gcc4mbed.o
 .ARM.attributes
                0x000000ae       0x32 ../../external/mbed/Release/NXP_SSCI824/mbed.a(analogin_api.o)
 .ARM.attributes
                0x000000e0       0x32 ../../external/mbed/Release/NXP_SSCI824/mbed.a(pwmout_api.o)
 .ARM.attributes
                0x00000112       0x32 ../../external/mbed/Release/NXP_SSCI824/mbed.a(system_LPC8xx.o)
 .ARM.attributes
                0x00000144       0x32 ../../external/mbed/Release/NXP_SSCI824/mbed.a(error.o)
 .ARM.attributes
                0x00000176       0x32 ../../external/mbed/Release/NXP_SSCI824/mbed.a(gpio.o)
 .ARM.attributes
                0x000001a8       0x32 ../../external/mbed/Release/NXP_SSCI824/mbed.a(pinmap_common.o)
 .ARM.attributes
                0x000001da       0x32 ../../external/mbed/Release/NXP_SSCI824/mbed.a(wait_api.o)
 .ARM.attributes
                0x0000020c       0x32 ../../external/mbed/Release/NXP_SSCI824/mbed.a(retarget.o)
 .ARM.attributes
                0x0000023e       0x32 ../../external/mbed/Release/NXP_SSCI824/mbed.a(Serial.o)
 .ARM.attributes
                0x00000270       0x32 ../../external/mbed/Release/NXP_SSCI824/mbed.a(SerialBase.o)
 .ARM.attributes
                0x000002a2       0x32 ../../external/mbed/Release/NXP_SSCI824/mbed.a(Stream.o)
 .ARM.attributes
                0x000002d4       0x1b ../../external/mbed/Release/NXP_SSCI824/mbed.a(startup_LPC824.o)
 .ARM.attributes
                0x000002ef       0x32 ../../external/mbed/Release/NXP_SSCI824/mbed.a(gpio_api.o)
 .ARM.attributes
                0x00000321       0x32 ../../external/mbed/Release/NXP_SSCI824/mbed.a(pinmap.o)
 .ARM.attributes
                0x00000353       0x32 ../../external/mbed/Release/NXP_SSCI824/mbed.a(serial_api.o)
 .ARM.attributes
                0x00000385       0x32 ../../external/mbed/Release/NXP_SSCI824/mbed.a(us_ticker.o)
 .ARM.attributes
                0x000003b7       0x32 ../../external/mbed/Release/NXP_SSCI824/mbed.a(cmsis_nvic.o)
 .ARM.attributes
                0x000003e9       0x32 ../../external/mbed/Release/NXP_SSCI824/mbed.a(board.o)
 .ARM.attributes
                0x0000041b       0x32 ../../external/mbed/Release/NXP_SSCI824/mbed.a(us_ticker_api.o)
 .ARM.attributes
                0x0000044d       0x32 ../../external/mbed/Release/NXP_SSCI824/mbed.a(FileLike.o)
 .ARM.attributes
                0x0000047f       0x32 ../../external/mbed/Release/NXP_SSCI824/mbed.a(FilePath.o)
 .ARM.attributes
                0x000004b1       0x32 ../../external/mbed/Release/NXP_SSCI824/mbed.a(ticker_api.o)
 .ARM.attributes
                0x000004e3       0x32 ../../external/mbed/Release/NXP_SSCI824/mbed.a(FileBase.o)
 .ARM.attributes
                0x00000515       0x2c c:/gcc4mbed_r107/gcc-arm-none-eabi/bin/../lib/gcc/arm-none-eabi/4.8.3/../../../../arm-none-eabi/lib/armv6-m\libstdc++_s.a(del_op.o)
 .ARM.attributes
                0x00000541       0x2c c:/gcc4mbed_r107/gcc-arm-none-eabi/bin/../lib/gcc/arm-none-eabi/4.8.3/../../../../arm-none-eabi/lib/armv6-m\libstdc++_s.a(atexit_arm.o)
 .ARM.attributes
                0x0000056d       0x1e c:/gcc4mbed_r107/gcc-arm-none-eabi/bin/../lib/gcc/arm-none-eabi/4.8.3/armv6-m\libgcc.a(_udivsi3.o)
 .ARM.attributes
                0x0000058b       0x1e c:/gcc4mbed_r107/gcc-arm-none-eabi/bin/../lib/gcc/arm-none-eabi/4.8.3/armv6-m\libgcc.a(_dvmd_tls.o)
 .ARM.attributes
                0x000005a9       0x1e c:/gcc4mbed_r107/gcc-arm-none-eabi/bin/../lib/gcc/arm-none-eabi/4.8.3/armv6-m\libgcc.a(_arm_cmpdf2.o)
 .ARM.attributes
                0x000005c7       0x1e c:/gcc4mbed_r107/gcc-arm-none-eabi/bin/../lib/gcc/arm-none-eabi/4.8.3/armv6-m\libgcc.a(_arm_cmpsf2.o)
 .ARM.attributes
                0x000005e5       0x2c c:/gcc4mbed_r107/gcc-arm-none-eabi/bin/../lib/gcc/arm-none-eabi/4.8.3/armv6-m\libgcc.a(_fixunssfsi.o)
 .ARM.attributes
                0x00000611       0x2c c:/gcc4mbed_r107/gcc-arm-none-eabi/bin/../lib/gcc/arm-none-eabi/4.8.3/armv6-m\libgcc.a(addsf3.o)
 .ARM.attributes
                0x0000063d       0x2c c:/gcc4mbed_r107/gcc-arm-none-eabi/bin/../lib/gcc/arm-none-eabi/4.8.3/armv6-m\libgcc.a(divsf3.o)
 .ARM.attributes
                0x00000669       0x2c c:/gcc4mbed_r107/gcc-arm-none-eabi/bin/../lib/gcc/arm-none-eabi/4.8.3/armv6-m\libgcc.a(eqsf2.o)
 .ARM.attributes
                0x00000695       0x2c c:/gcc4mbed_r107/gcc-arm-none-eabi/bin/../lib/gcc/arm-none-eabi/4.8.3/armv6-m\libgcc.a(gesf2.o)
 .ARM.attributes
                0x000006c1       0x2c c:/gcc4mbed_r107/gcc-arm-none-eabi/bin/../lib/gcc/arm-none-eabi/4.8.3/armv6-m\libgcc.a(lesf2.o)
 .ARM.attributes
                0x000006ed       0x2c c:/gcc4mbed_r107/gcc-arm-none-eabi/bin/../lib/gcc/arm-none-eabi/4.8.3/armv6-m\libgcc.a(mulsf3.o)
 .ARM.attributes
                0x00000719       0x2c c:/gcc4mbed_r107/gcc-arm-none-eabi/bin/../lib/gcc/arm-none-eabi/4.8.3/armv6-m\libgcc.a(subsf3.o)
 .ARM.attributes
                0x00000745       0x2c c:/gcc4mbed_r107/gcc-arm-none-eabi/bin/../lib/gcc/arm-none-eabi/4.8.3/armv6-m\libgcc.a(fixsfsi.o)
 .ARM.attributes
                0x00000771       0x2c c:/gcc4mbed_r107/gcc-arm-none-eabi/bin/../lib/gcc/arm-none-eabi/4.8.3/armv6-m\libgcc.a(floatsisf.o)
 .ARM.attributes
                0x0000079d       0x2c c:/gcc4mbed_r107/gcc-arm-none-eabi/bin/../lib/gcc/arm-none-eabi/4.8.3/armv6-m\libgcc.a(floatunsisf.o)
 .ARM.attributes
                0x000007c9       0x2c c:/gcc4mbed_r107/gcc-arm-none-eabi/bin/../lib/gcc/arm-none-eabi/4.8.3/armv6-m\libgcc.a(adddf3.o)
 .ARM.attributes
                0x000007f5       0x2c c:/gcc4mbed_r107/gcc-arm-none-eabi/bin/../lib/gcc/arm-none-eabi/4.8.3/armv6-m\libgcc.a(divdf3.o)
 .ARM.attributes
                0x00000821       0x2c c:/gcc4mbed_r107/gcc-arm-none-eabi/bin/../lib/gcc/arm-none-eabi/4.8.3/armv6-m\libgcc.a(eqdf2.o)
 .ARM.attributes
                0x0000084d       0x2c c:/gcc4mbed_r107/gcc-arm-none-eabi/bin/../lib/gcc/arm-none-eabi/4.8.3/armv6-m\libgcc.a(gedf2.o)
 .ARM.attributes
                0x00000879       0x2c c:/gcc4mbed_r107/gcc-arm-none-eabi/bin/../lib/gcc/arm-none-eabi/4.8.3/armv6-m\libgcc.a(ledf2.o)
 .ARM.attributes
                0x000008a5       0x2c c:/gcc4mbed_r107/gcc-arm-none-eabi/bin/../lib/gcc/arm-none-eabi/4.8.3/armv6-m\libgcc.a(muldf3.o)
 .ARM.attributes
                0x000008d1       0x2c c:/gcc4mbed_r107/gcc-arm-none-eabi/bin/../lib/gcc/arm-none-eabi/4.8.3/armv6-m\libgcc.a(subdf3.o)
 .ARM.attributes
                0x000008fd       0x2c c:/gcc4mbed_r107/gcc-arm-none-eabi/bin/../lib/gcc/arm-none-eabi/4.8.3/armv6-m\libgcc.a(extendsfdf2.o)
 .ARM.attributes
                0x00000929       0x2c c:/gcc4mbed_r107/gcc-arm-none-eabi/bin/../lib/gcc/arm-none-eabi/4.8.3/armv6-m\libgcc.a(truncdfsf2.o)
 .ARM.attributes
                0x00000955       0x1e c:/gcc4mbed_r107/gcc-arm-none-eabi/bin/../lib/gcc/arm-none-eabi/4.8.3/armv6-m\libgcc.a(_clzsi2.o)
 .ARM.attributes
                0x00000973       0x2c c:/gcc4mbed_r107/gcc-arm-none-eabi/bin/../lib/gcc/arm-none-eabi/4.8.3/../../../../arm-none-eabi/lib/armv6-m\libc_s.a(lib_a-cxa_atexit.o)
 .ARM.attributes
                0x0000099f       0x2c c:/gcc4mbed_r107/gcc-arm-none-eabi/bin/../lib/gcc/arm-none-eabi/4.8.3/../../../../arm-none-eabi/lib/armv6-m\libc_s.a(lib_a-errno.o)
 .ARM.attributes
                0x000009cb       0x2c c:/gcc4mbed_r107/gcc-arm-none-eabi/bin/../lib/gcc/arm-none-eabi/4.8.3/../../../../arm-none-eabi/lib/armv6-m\libc_s.a(lib_a-exit.o)
 .ARM.attributes
                0x000009f7       0x2c c:/gcc4mbed_r107/gcc-arm-none-eabi/bin/../lib/gcc/arm-none-eabi/4.8.3/../../../../arm-none-eabi/lib/armv6-m\libc_s.a(lib_a-fclose.o)
 .ARM.attributes
                0x00000a23       0x2c c:/gcc4mbed_r107/gcc-arm-none-eabi/bin/../lib/gcc/arm-none-eabi/4.8.3/../../../../arm-none-eabi/lib/armv6-m\libc_s.a(lib_a-fflush.o)
 .ARM.attributes
                0x00000a4f       0x2c c:/gcc4mbed_r107/gcc-arm-none-eabi/bin/../lib/gcc/arm-none-eabi/4.8.3/../../../../arm-none-eabi/lib/armv6-m\libc_s.a(lib_a-findfp.o)
 .ARM.attributes
                0x00000a7b       0x2c c:/gcc4mbed_r107/gcc-arm-none-eabi/bin/../lib/gcc/arm-none-eabi/4.8.3/../../../../arm-none-eabi/lib/armv6-m\libc_s.a(lib_a-fopen.o)
 .ARM.attributes
                0x00000aa7       0x2c c:/gcc4mbed_r107/gcc-arm-none-eabi/bin/../lib/gcc/arm-none-eabi/4.8.3/../../../../arm-none-eabi/lib/armv6-m\libc_s.a(lib_a-fseek.o)
 .ARM.attributes
                0x00000ad3       0x2c c:/gcc4mbed_r107/gcc-arm-none-eabi/bin/../lib/gcc/arm-none-eabi/4.8.3/../../../../arm-none-eabi/lib/armv6-m\libc_s.a(lib_a-fseeko.o)
 .ARM.attributes
                0x00000aff       0x2c c:/gcc4mbed_r107/gcc-arm-none-eabi/bin/../lib/gcc/arm-none-eabi/4.8.3/../../../../arm-none-eabi/lib/armv6-m\libc_s.a(lib_a-fwalk.o)
 .ARM.attributes
                0x00000b2b       0x2c c:/gcc4mbed_r107/gcc-arm-none-eabi/bin/../lib/gcc/arm-none-eabi/4.8.3/../../../../arm-none-eabi/lib/armv6-m\libc_s.a(lib_a-impure.o)
 .ARM.attributes
                0x00000b57       0x2c c:/gcc4mbed_r107/gcc-arm-none-eabi/bin/../lib/gcc/arm-none-eabi/4.8.3/../../../../arm-none-eabi/lib/armv6-m\libc_s.a(lib_a-init.o)
 .ARM.attributes
                0x00000b83       0x2c c:/gcc4mbed_r107/gcc-arm-none-eabi/bin/../lib/gcc/arm-none-eabi/4.8.3/../../../../arm-none-eabi/lib/armv6-m\libc_s.a(lib_a-makebuf.o)
 .ARM.attributes
                0x00000baf       0x2c c:/gcc4mbed_r107/gcc-arm-none-eabi/bin/../lib/gcc/arm-none-eabi/4.8.3/../../../../arm-none-eabi/lib/armv6-m\libc_s.a(lib_a-malloc.o)
 .ARM.attributes
                0x00000bdb       0x2c c:/gcc4mbed_r107/gcc-arm-none-eabi/bin/../lib/gcc/arm-none-eabi/4.8.3/../../../../arm-none-eabi/lib/armv6-m\libc_s.a(lib_a-memchr-stub.o)
 .ARM.attributes
                0x00000c07       0x2c c:/gcc4mbed_r107/gcc-arm-none-eabi/bin/../lib/gcc/arm-none-eabi/4.8.3/../../../../arm-none-eabi/lib/armv6-m\libc_s.a(lib_a-memcpy-stub.o)
 .ARM.attributes
                0x00000c33       0x2c c:/gcc4mbed_r107/gcc-arm-none-eabi/bin/../lib/gcc/arm-none-eabi/4.8.3/../../../../arm-none-eabi/lib/armv6-m\libc_s.a(lib_a-memset.o)
 .ARM.attributes
                0x00000c5f       0x2c c:/gcc4mbed_r107/gcc-arm-none-eabi/bin/../lib/gcc/arm-none-eabi/4.8.3/../../../../arm-none-eabi/lib/armv6-m\libc_s.a(lib_a-nano-freer.o)
 .ARM.attributes
                0x00000c8b       0x2c c:/gcc4mbed_r107/gcc-arm-none-eabi/bin/../lib/gcc/arm-none-eabi/4.8.3/../../../../arm-none-eabi/lib/armv6-m\libc_s.a(lib_a-nano-mallocr.o)
 .ARM.attributes
                0x00000cb7       0x2c c:/gcc4mbed_r107/gcc-arm-none-eabi/bin/../lib/gcc/arm-none-eabi/4.8.3/../../../../arm-none-eabi/lib/armv6-m\libc_s.a(lib_a-openr.o)
 .ARM.attributes
                0x00000ce3       0x2c c:/gcc4mbed_r107/gcc-arm-none-eabi/bin/../lib/gcc/arm-none-eabi/4.8.3/../../../../arm-none-eabi/lib/armv6-m\libc_s.a(lib_a-reent.o)
 .ARM.attributes
                0x00000d0f       0x2c c:/gcc4mbed_r107/gcc-arm-none-eabi/bin/../lib/gcc/arm-none-eabi/4.8.3/../../../../arm-none-eabi/lib/armv6-m\libc_s.a(lib_a-sbrkr.o)
 .ARM.attributes
                0x00000d3b       0x2c c:/gcc4mbed_r107/gcc-arm-none-eabi/bin/../lib/gcc/arm-none-eabi/4.8.3/../../../../arm-none-eabi/lib/armv6-m\libc_s.a(lib_a-setbuf.o)
 .ARM.attributes
                0x00000d67       0x2c c:/gcc4mbed_r107/gcc-arm-none-eabi/bin/../lib/gcc/arm-none-eabi/4.8.3/../../../../arm-none-eabi/lib/armv6-m\libc_s.a(lib_a-setvbuf.o)
 .ARM.attributes
                0x00000d93       0x2c c:/gcc4mbed_r107/gcc-arm-none-eabi/bin/../lib/gcc/arm-none-eabi/4.8.3/../../../../arm-none-eabi/lib/armv6-m\libc_s.a(lib_a-sprintf.o)
 .ARM.attributes
                0x00000dbf       0x2c c:/gcc4mbed_r107/gcc-arm-none-eabi/bin/../lib/gcc/arm-none-eabi/4.8.3/../../../../arm-none-eabi/lib/armv6-m\libc_s.a(lib_a-sscanf.o)
 .ARM.attributes
                0x00000deb       0x2c c:/gcc4mbed_r107/gcc-arm-none-eabi/bin/../lib/gcc/arm-none-eabi/4.8.3/../../../../arm-none-eabi/lib/armv6-m\libc_s.a(lib_a-stdio.o)
 .ARM.attributes
                0x00000e17       0x1c c:/gcc4mbed_r107/gcc-arm-none-eabi/bin/../lib/gcc/arm-none-eabi/4.8.3/../../../../arm-none-eabi/lib/armv6-m\libc_s.a(lib_a-strcmp.o)
 .ARM.attributes
                0x00000e33       0x2c c:/gcc4mbed_r107/gcc-arm-none-eabi/bin/../lib/gcc/arm-none-eabi/4.8.3/../../../../arm-none-eabi/lib/armv6-m\libc_s.a(lib_a-strlen.o)
 .ARM.attributes
                0x00000e5f       0x2c c:/gcc4mbed_r107/gcc-arm-none-eabi/bin/../lib/gcc/arm-none-eabi/4.8.3/../../../../arm-none-eabi/lib/armv6-m\libc_s.a(lib_a-strncmp.o)
 .ARM.attributes
                0x00000e8b       0x2c c:/gcc4mbed_r107/gcc-arm-none-eabi/bin/../lib/gcc/arm-none-eabi/4.8.3/../../../../arm-none-eabi/lib/armv6-m\libc_s.a(lib_a-svfprintf.o)
 .ARM.attributes
                0x00000eb7       0x2c c:/gcc4mbed_r107/gcc-arm-none-eabi/bin/../lib/gcc/arm-none-eabi/4.8.3/../../../../arm-none-eabi/lib/armv6-m\libc_s.a(lib_a-svfscanf.o)
 .ARM.attributes
                0x00000ee3       0x2c c:/gcc4mbed_r107/gcc-arm-none-eabi/bin/../lib/gcc/arm-none-eabi/4.8.3/../../../../arm-none-eabi/lib/armv6-m\libc_s.a(lib_a-ungetc.o)
 .ARM.attributes
                0x00000f0f       0x2c c:/gcc4mbed_r107/gcc-arm-none-eabi/bin/../lib/gcc/arm-none-eabi/4.8.3/../../../../arm-none-eabi/lib/armv6-m\libc_s.a(lib_a-vfprintf.o)
 .ARM.attributes
                0x00000f3b       0x2c c:/gcc4mbed_r107/gcc-arm-none-eabi/bin/../lib/gcc/arm-none-eabi/4.8.3/../../../../arm-none-eabi/lib/armv6-m\libc_s.a(lib_a-vfprintf_i.o)
 .ARM.attributes
                0x00000f67       0x2c c:/gcc4mbed_r107/gcc-arm-none-eabi/bin/../lib/gcc/arm-none-eabi/4.8.3/../../../../arm-none-eabi/lib/armv6-m\libc_s.a(lib_a-vfscanf_i.o)
 .ARM.attributes
                0x00000f93       0x2c c:/gcc4mbed_r107/gcc-arm-none-eabi/bin/../lib/gcc/arm-none-eabi/4.8.3/../../../../arm-none-eabi/lib/armv6-m\libc_s.a(lib_a-wbuf.o)
 .ARM.attributes
                0x00000fbf       0x2c c:/gcc4mbed_r107/gcc-arm-none-eabi/bin/../lib/gcc/arm-none-eabi/4.8.3/../../../../arm-none-eabi/lib/armv6-m\libc_s.a(lib_a-writer.o)
 .ARM.attributes
                0x00000feb       0x2c c:/gcc4mbed_r107/gcc-arm-none-eabi/bin/../lib/gcc/arm-none-eabi/4.8.3/../../../../arm-none-eabi/lib/armv6-m\libc_s.a(lib_a-wsetup.o)
 .ARM.attributes
                0x00001017       0x2c c:/gcc4mbed_r107/gcc-arm-none-eabi/bin/../lib/gcc/arm-none-eabi/4.8.3/../../../../arm-none-eabi/lib/armv6-m\libc_s.a(lib_a-closer.o)
 .ARM.attributes
                0x00001043       0x2c c:/gcc4mbed_r107/gcc-arm-none-eabi/bin/../lib/gcc/arm-none-eabi/4.8.3/../../../../arm-none-eabi/lib/armv6-m\libc_s.a(lib_a-ctype_.o)
 .ARM.attributes
                0x0000106f       0x2c c:/gcc4mbed_r107/gcc-arm-none-eabi/bin/../lib/gcc/arm-none-eabi/4.8.3/../../../../arm-none-eabi/lib/armv6-m\libc_s.a(lib_a-flags.o)
 .ARM.attributes
                0x0000109b       0x2c c:/gcc4mbed_r107/gcc-arm-none-eabi/bin/../lib/gcc/arm-none-eabi/4.8.3/../../../../arm-none-eabi/lib/armv6-m\libc_s.a(lib_a-fstatr.o)
 .ARM.attributes
                0x000010c7       0x2c c:/gcc4mbed_r107/gcc-arm-none-eabi/bin/../lib/gcc/arm-none-eabi/4.8.3/../../../../arm-none-eabi/lib/armv6-m\libc_s.a(lib_a-isattyr.o)
 .ARM.attributes
                0x000010f3       0x2c c:/gcc4mbed_r107/gcc-arm-none-eabi/bin/../lib/gcc/arm-none-eabi/4.8.3/../../../../arm-none-eabi/lib/armv6-m\libc_s.a(lib_a-lseekr.o)
 .ARM.attributes
                0x0000111f       0x2c c:/gcc4mbed_r107/gcc-arm-none-eabi/bin/../lib/gcc/arm-none-eabi/4.8.3/../../../../arm-none-eabi/lib/armv6-m\libc_s.a(lib_a-memmove.o)
 .ARM.attributes
                0x0000114b       0x2c c:/gcc4mbed_r107/gcc-arm-none-eabi/bin/../lib/gcc/arm-none-eabi/4.8.3/../../../../arm-none-eabi/lib/armv6-m\libc_s.a(lib_a-nano-reallocr.o)
 .ARM.attributes
                0x00001177       0x2c c:/gcc4mbed_r107/gcc-arm-none-eabi/bin/../lib/gcc/arm-none-eabi/4.8.3/../../../../arm-none-eabi/lib/armv6-m\libc_s.a(lib_a-readr.o)
 .ARM.attributes
                0x000011a3       0x2c c:/gcc4mbed_r107/gcc-arm-none-eabi/bin/../lib/gcc/arm-none-eabi/4.8.3/../../../../arm-none-eabi/lib/armv6-m\libc_s.a(lib_a-sccl.o)
 .ARM.attributes
                0x000011cf       0x2c c:/gcc4mbed_r107/gcc-arm-none-eabi/bin/../lib/gcc/arm-none-eabi/4.8.3/../../../../arm-none-eabi/lib/armv6-m\libc_s.a(lib_a-strtol.o)
 .ARM.attributes
                0x000011fb       0x2c c:/gcc4mbed_r107/gcc-arm-none-eabi/bin/../lib/gcc/arm-none-eabi/4.8.3/../../../../arm-none-eabi/lib/armv6-m\libc_s.a(lib_a-strtoul.o)
 .ARM.attributes
                0x00001227       0x2c c:/gcc4mbed_r107/gcc-arm-none-eabi/bin/../lib/gcc/arm-none-eabi/4.8.3/../../../../arm-none-eabi/lib/armv6-m\libc_s.a(lib_a-nano-msizer.o)
 .ARM.attributes
                0x00001253       0x2c c:/gcc4mbed_r107/gcc-arm-none-eabi/bin/../lib/gcc/arm-none-eabi/4.8.3/armv6-m/crtend.o
 .ARM.attributes
                0x0000127f       0x1e c:/gcc4mbed_r107/gcc-arm-none-eabi/bin/../lib/gcc/arm-none-eabi/4.8.3/armv6-m/crtn.o

.comment        0x00000000       0x70
 .comment       0x00000000       0x70 SSCI824/main.o
                                 0x71 (size before relaxing)
 .comment       0x00000000       0x71 SSCI824/gcc4mbed.o
 .comment       0x00000000       0x71 ../../external/mbed/Release/NXP_SSCI824/mbed.a(analogin_api.o)
 .comment       0x00000000       0x71 ../../external/mbed/Release/NXP_SSCI824/mbed.a(pwmout_api.o)
 .comment       0x00000000       0x71 ../../external/mbed/Release/NXP_SSCI824/mbed.a(system_LPC8xx.o)
 .comment       0x00000000       0x71 ../../external/mbed/Release/NXP_SSCI824/mbed.a(error.o)
 .comment       0x00000000       0x71 ../../external/mbed/Release/NXP_SSCI824/mbed.a(gpio.o)
 .comment       0x00000000       0x71 ../../external/mbed/Release/NXP_SSCI824/mbed.a(pinmap_common.o)
 .comment       0x00000000       0x71 ../../external/mbed/Release/NXP_SSCI824/mbed.a(wait_api.o)
 .comment       0x00000000       0x71 ../../external/mbed/Release/NXP_SSCI824/mbed.a(retarget.o)
 .comment       0x00000000       0x71 ../../external/mbed/Release/NXP_SSCI824/mbed.a(Serial.o)
 .comment       0x00000000       0x71 ../../external/mbed/Release/NXP_SSCI824/mbed.a(SerialBase.o)
 .comment       0x00000000       0x71 ../../external/mbed/Release/NXP_SSCI824/mbed.a(Stream.o)
 .comment       0x00000000       0x71 ../../external/mbed/Release/NXP_SSCI824/mbed.a(gpio_api.o)
 .comment       0x00000000       0x71 ../../external/mbed/Release/NXP_SSCI824/mbed.a(pinmap.o)
 .comment       0x00000000       0x71 ../../external/mbed/Release/NXP_SSCI824/mbed.a(serial_api.o)
 .comment       0x00000000       0x71 ../../external/mbed/Release/NXP_SSCI824/mbed.a(us_ticker.o)
 .comment       0x00000000       0x71 ../../external/mbed/Release/NXP_SSCI824/mbed.a(cmsis_nvic.o)
 .comment       0x00000000       0x71 ../../external/mbed/Release/NXP_SSCI824/mbed.a(board.o)
 .comment       0x00000000       0x71 ../../external/mbed/Release/NXP_SSCI824/mbed.a(us_ticker_api.o)
 .comment       0x00000000       0x71 ../../external/mbed/Release/NXP_SSCI824/mbed.a(FileLike.o)
 .comment       0x00000000       0x71 ../../external/mbed/Release/NXP_SSCI824/mbed.a(FilePath.o)
 .comment       0x00000000       0x71 ../../external/mbed/Release/NXP_SSCI824/mbed.a(ticker_api.o)
 .comment       0x00000000       0x71 ../../external/mbed/Release/NXP_SSCI824/mbed.a(FileBase.o)

.debug_info     0x00000000    0x1b468
 .debug_info    0x00000000     0x7ee0 SSCI824/main.o
 .debug_info    0x00007ee0      0x4c9 SSCI824/gcc4mbed.o
 .debug_info    0x000083a9     0x134d ../../external/mbed/Release/NXP_SSCI824/mbed.a(analogin_api.o)
 .debug_info    0x000096f6     0x1392 ../../external/mbed/Release/NXP_SSCI824/mbed.a(pwmout_api.o)
 .debug_info    0x0000aa88      0x814 ../../external/mbed/Release/NXP_SSCI824/mbed.a(system_LPC8xx.o)
 .debug_info    0x0000b29c       0xca ../../external/mbed/Release/NXP_SSCI824/mbed.a(error.o)
 .debug_info    0x0000b366      0x989 ../../external/mbed/Release/NXP_SSCI824/mbed.a(gpio.o)
 .debug_info    0x0000bcef      0x581 ../../external/mbed/Release/NXP_SSCI824/mbed.a(pinmap_common.o)
 .debug_info    0x0000c270      0x149 ../../external/mbed/Release/NXP_SSCI824/mbed.a(wait_api.o)
 .debug_info    0x0000c3b9     0x277f ../../external/mbed/Release/NXP_SSCI824/mbed.a(retarget.o)
 .debug_info    0x0000eb38     0x1a30 ../../external/mbed/Release/NXP_SSCI824/mbed.a(Serial.o)
 .debug_info    0x00010568     0x1cc0 ../../external/mbed/Release/NXP_SSCI824/mbed.a(SerialBase.o)
 .debug_info    0x00012228     0x1981 ../../external/mbed/Release/NXP_SSCI824/mbed.a(Stream.o)
 .debug_info    0x00013ba9       0xc4 ../../external/mbed/Release/NXP_SSCI824/mbed.a(startup_LPC824.o)
 .debug_info    0x00013c6d      0xd86 ../../external/mbed/Release/NXP_SSCI824/mbed.a(gpio_api.o)
 .debug_info    0x000149f3      0x33c ../../external/mbed/Release/NXP_SSCI824/mbed.a(pinmap.o)
 .debug_info    0x00014d2f     0x13a2 ../../external/mbed/Release/NXP_SSCI824/mbed.a(serial_api.o)
 .debug_info    0x000160d1      0x8ff ../../external/mbed/Release/NXP_SSCI824/mbed.a(us_ticker.o)
 .debug_info    0x000169d0      0x2ba ../../external/mbed/Release/NXP_SSCI824/mbed.a(cmsis_nvic.o)
 .debug_info    0x00016c8a      0x3e8 ../../external/mbed/Release/NXP_SSCI824/mbed.a(board.o)
 .debug_info    0x00017072      0x269 ../../external/mbed/Release/NXP_SSCI824/mbed.a(us_ticker_api.o)
 .debug_info    0x000172db     0x12ce ../../external/mbed/Release/NXP_SSCI824/mbed.a(FileLike.o)
 .debug_info    0x000185a9     0x14d6 ../../external/mbed/Release/NXP_SSCI824/mbed.a(FilePath.o)
 .debug_info    0x00019a7f      0x3f8 ../../external/mbed/Release/NXP_SSCI824/mbed.a(ticker_api.o)
 .debug_info    0x00019e77     0x15f1 ../../external/mbed/Release/NXP_SSCI824/mbed.a(FileBase.o)

.debug_abbrev   0x00000000     0x4419
 .debug_abbrev  0x00000000      0x603 SSCI824/main.o
 .debug_abbrev  0x00000603      0x1df SSCI824/gcc4mbed.o
 .debug_abbrev  0x000007e2      0x31d ../../external/mbed/Release/NXP_SSCI824/mbed.a(analogin_api.o)
 .debug_abbrev  0x00000aff      0x365 ../../external/mbed/Release/NXP_SSCI824/mbed.a(pwmout_api.o)
 .debug_abbrev  0x00000e64      0x1b6 ../../external/mbed/Release/NXP_SSCI824/mbed.a(system_LPC8xx.o)
 .debug_abbrev  0x0000101a       0x9a ../../external/mbed/Release/NXP_SSCI824/mbed.a(error.o)
 .debug_abbrev  0x000010b4      0x1f0 ../../external/mbed/Release/NXP_SSCI824/mbed.a(gpio.o)
 .debug_abbrev  0x000012a4      0x191 ../../external/mbed/Release/NXP_SSCI824/mbed.a(pinmap_common.o)
 .debug_abbrev  0x00001435       0xc1 ../../external/mbed/Release/NXP_SSCI824/mbed.a(wait_api.o)
 .debug_abbrev  0x000014f6      0x747 ../../external/mbed/Release/NXP_SSCI824/mbed.a(retarget.o)
 .debug_abbrev  0x00001c3d      0x478 ../../external/mbed/Release/NXP_SSCI824/mbed.a(Serial.o)
 .debug_abbrev  0x000020b5      0x4b3 ../../external/mbed/Release/NXP_SSCI824/mbed.a(SerialBase.o)
 .debug_abbrev  0x00002568      0x44e ../../external/mbed/Release/NXP_SSCI824/mbed.a(Stream.o)
 .debug_abbrev  0x000029b6       0x12 ../../external/mbed/Release/NXP_SSCI824/mbed.a(startup_LPC824.o)
 .debug_abbrev  0x000029c8      0x1f6 ../../external/mbed/Release/NXP_SSCI824/mbed.a(gpio_api.o)
 .debug_abbrev  0x00002bbe       0xd7 ../../external/mbed/Release/NXP_SSCI824/mbed.a(pinmap.o)
 .debug_abbrev  0x00002c95      0x43c ../../external/mbed/Release/NXP_SSCI824/mbed.a(serial_api.o)
 .debug_abbrev  0x000030d1      0x224 ../../external/mbed/Release/NXP_SSCI824/mbed.a(us_ticker.o)
 .debug_abbrev  0x000032f5      0x144 ../../external/mbed/Release/NXP_SSCI824/mbed.a(cmsis_nvic.o)
 .debug_abbrev  0x00003439      0x17f ../../external/mbed/Release/NXP_SSCI824/mbed.a(board.o)
 .debug_abbrev  0x000035b8      0x111 ../../external/mbed/Release/NXP_SSCI824/mbed.a(us_ticker_api.o)
 .debug_abbrev  0x000036c9      0x36d ../../external/mbed/Release/NXP_SSCI824/mbed.a(FileLike.o)
 .debug_abbrev  0x00003a36      0x3f8 ../../external/mbed/Release/NXP_SSCI824/mbed.a(FilePath.o)
 .debug_abbrev  0x00003e2e      0x19e ../../external/mbed/Release/NXP_SSCI824/mbed.a(ticker_api.o)
 .debug_abbrev  0x00003fcc      0x44d ../../external/mbed/Release/NXP_SSCI824/mbed.a(FileBase.o)

.debug_loc      0x00000000     0x7b93
 .debug_loc     0x00000000     0x3ca3 SSCI824/main.o
 .debug_loc     0x00003ca3      0x1ca SSCI824/gcc4mbed.o
 .debug_loc     0x00003e6d      0x277 ../../external/mbed/Release/NXP_SSCI824/mbed.a(analogin_api.o)
 .debug_loc     0x000040e4      0x625 ../../external/mbed/Release/NXP_SSCI824/mbed.a(pwmout_api.o)
 .debug_loc     0x00004709       0x8f ../../external/mbed/Release/NXP_SSCI824/mbed.a(system_LPC8xx.o)
 .debug_loc     0x00004798      0x62a ../../external/mbed/Release/NXP_SSCI824/mbed.a(gpio.o)
 .debug_loc     0x00004dc2      0x27d ../../external/mbed/Release/NXP_SSCI824/mbed.a(pinmap_common.o)
 .debug_loc     0x0000503f       0x83 ../../external/mbed/Release/NXP_SSCI824/mbed.a(wait_api.o)
 .debug_loc     0x000050c2      0xb6f ../../external/mbed/Release/NXP_SSCI824/mbed.a(retarget.o)
 .debug_loc     0x00005c31      0x1b1 ../../external/mbed/Release/NXP_SSCI824/mbed.a(Serial.o)
 .debug_loc     0x00005de2      0x448 ../../external/mbed/Release/NXP_SSCI824/mbed.a(SerialBase.o)
 .debug_loc     0x0000622a      0x582 ../../external/mbed/Release/NXP_SSCI824/mbed.a(Stream.o)
 .debug_loc     0x000067ac       0xea ../../external/mbed/Release/NXP_SSCI824/mbed.a(gpio_api.o)
 .debug_loc     0x00006896       0x89 ../../external/mbed/Release/NXP_SSCI824/mbed.a(pinmap.o)
 .debug_loc     0x0000691f      0x8e0 ../../external/mbed/Release/NXP_SSCI824/mbed.a(serial_api.o)
 .debug_loc     0x000071ff       0x40 ../../external/mbed/Release/NXP_SSCI824/mbed.a(us_ticker.o)
 .debug_loc     0x0000723f       0x6b ../../external/mbed/Release/NXP_SSCI824/mbed.a(cmsis_nvic.o)
 .debug_loc     0x000072aa      0x104 ../../external/mbed/Release/NXP_SSCI824/mbed.a(FileLike.o)
 .debug_loc     0x000073ae      0x29a ../../external/mbed/Release/NXP_SSCI824/mbed.a(FilePath.o)
 .debug_loc     0x00007648      0x398 ../../external/mbed/Release/NXP_SSCI824/mbed.a(ticker_api.o)
 .debug_loc     0x000079e0      0x1b3 ../../external/mbed/Release/NXP_SSCI824/mbed.a(FileBase.o)

.debug_aranges  0x00000000      0x830
 .debug_aranges
                0x00000000       0x68 SSCI824/main.o
 .debug_aranges
                0x00000068       0x68 SSCI824/gcc4mbed.o
 .debug_aranges
                0x000000d0       0x30 ../../external/mbed/Release/NXP_SSCI824/mbed.a(analogin_api.o)
 .debug_aranges
                0x00000100       0x68 ../../external/mbed/Release/NXP_SSCI824/mbed.a(pwmout_api.o)
 .debug_aranges
                0x00000168       0x28 ../../external/mbed/Release/NXP_SSCI824/mbed.a(system_LPC8xx.o)
 .debug_aranges
                0x00000190       0x20 ../../external/mbed/Release/NXP_SSCI824/mbed.a(error.o)
 .debug_aranges
                0x000001b0       0x40 ../../external/mbed/Release/NXP_SSCI824/mbed.a(gpio.o)
 .debug_aranges
                0x000001f0       0x48 ../../external/mbed/Release/NXP_SSCI824/mbed.a(pinmap_common.o)
 .debug_aranges
                0x00000238       0x30 ../../external/mbed/Release/NXP_SSCI824/mbed.a(wait_api.o)
 .debug_aranges
                0x00000268      0x118 ../../external/mbed/Release/NXP_SSCI824/mbed.a(retarget.o)
 .debug_aranges
                0x00000380       0x80 ../../external/mbed/Release/NXP_SSCI824/mbed.a(Serial.o)
 .debug_aranges
                0x00000400       0x78 ../../external/mbed/Release/NXP_SSCI824/mbed.a(SerialBase.o)
 .debug_aranges
                0x00000478       0xa8 ../../external/mbed/Release/NXP_SSCI824/mbed.a(Stream.o)
 .debug_aranges
                0x00000520       0x28 ../../external/mbed/Release/NXP_SSCI824/mbed.a(startup_LPC824.o)
 .debug_aranges
                0x00000548       0x38 ../../external/mbed/Release/NXP_SSCI824/mbed.a(gpio_api.o)
 .debug_aranges
                0x00000580       0x28 ../../external/mbed/Release/NXP_SSCI824/mbed.a(pinmap.o)
 .debug_aranges
                0x000005a8       0xa8 ../../external/mbed/Release/NXP_SSCI824/mbed.a(serial_api.o)
 .debug_aranges
                0x00000650       0x40 ../../external/mbed/Release/NXP_SSCI824/mbed.a(us_ticker.o)
 .debug_aranges
                0x00000690       0x28 ../../external/mbed/Release/NXP_SSCI824/mbed.a(cmsis_nvic.o)
 .debug_aranges
                0x000006b8       0x20 ../../external/mbed/Release/NXP_SSCI824/mbed.a(board.o)
 .debug_aranges
                0x000006d8       0x28 ../../external/mbed/Release/NXP_SSCI824/mbed.a(us_ticker_api.o)
 .debug_aranges
                0x00000700       0x48 ../../external/mbed/Release/NXP_SSCI824/mbed.a(FileLike.o)
 .debug_aranges
                0x00000748       0x50 ../../external/mbed/Release/NXP_SSCI824/mbed.a(FilePath.o)
 .debug_aranges
                0x00000798       0x48 ../../external/mbed/Release/NXP_SSCI824/mbed.a(ticker_api.o)
 .debug_aranges